c:/Users/ferna/Documentos/Escuela/Proyecto_7mo/Github/curso-lse/trabajo_integrador/sdks/trabajo_integrador_sdk/devices/LPC845/system_LPC845.c:71:6:SystemInit	8	static
c:/Users/ferna/Documentos/Escuela/Proyecto_7mo/Github/curso-lse/trabajo_integrador/sdks/trabajo_integrador_sdk/devices/LPC845/system_LPC845.c:88:6:SystemCoreClockUpdate	16	static
c:/Users/ferna/Documentos/Escuela/Proyecto_7mo/Github/curso-lse/trabajo_integrador/sdks/trabajo_integrador_sdk/devices/LPC845/system_LPC845.c:176:29:SystemInitHook	8	static
