c:/Users/ferna/Documentos/Escuela/Proyecto_7mo/Github/curso-lse/trabajo_integrador/sdks/trabajo_integrador_sdk/devices/LPC845/drivers/fsl_gpio.h:153:20:GPIO_PinWrite	24	static
c:/Users/ferna/Documentos/Escuela/Proyecto_7mo/Github/curso-lse/trabajo_integrador/sdks/trabajo_integrador_sdk/devices/LPC845/drivers/fsl_gpio.h:172:24:GPIO_PinRead	24	static
c:/Users/ferna/Documentos/Escuela/Proyecto_7mo/Github/curso-lse/trabajo_integrador/sdks/trabajo_integrador_sdk/devices/LPC845/drivers/fsl_adc.h:497:20:ADC_DoSoftwareTriggerConvSeqA	16	static
C:/Users/ferna/Documentos/Escuela/Proyecto_7mo/Github/curso-lse/trabajo_integrador/trabajo_integrador/wrappers.h:45:20:wrapper_gpio_init	16	static
C:/Users/ferna/Documentos/Escuela/Proyecto_7mo/Github/curso-lse/trabajo_integrador/trabajo_integrador/wrappers.h:55:20:wrapper_btn_get	24	static
C:/Users/ferna/Documentos/Escuela/Proyecto_7mo/Github/curso-lse/trabajo_integrador/trabajo_integrador/wrappers.h:66:20:wrapper_output_init	40	static
C:/Users/ferna/Documentos/Escuela/Proyecto_7mo/Github/curso-lse/trabajo_integrador/trabajo_integrador/wrappers.h:107:20:wrapper_display_off	8	static
C:/Users/ferna/Documentos/Escuela/Proyecto_7mo/Github/curso-lse/trabajo_integrador/trabajo_integrador/wrappers.h:118:20:wrapper_display_on	24	static
C:/Users/ferna/Documentos/Escuela/Proyecto_7mo/Github/curso-lse/trabajo_integrador/trabajo_integrador/tareas.h:59:20:wrapper_btn_get_with_debouncing_with_pull_up	24	static
C:/Users/ferna/Documentos/Escuela/Proyecto_7mo/Github/curso-lse/trabajo_integrador/trabajo_integrador/tareas.c:31:6:tsk_init	96	static
C:/Users/ferna/Documentos/Escuela/Proyecto_7mo/Github/curso-lse/trabajo_integrador/trabajo_integrador/tareas.c:76:6:tsk_adc	16	static
C:/Users/ferna/Documentos/Escuela/Proyecto_7mo/Github/curso-lse/trabajo_integrador/trabajo_integrador/tareas.c:91:6:tsk_display_change	32	static
C:/Users/ferna/Documentos/Escuela/Proyecto_7mo/Github/curso-lse/trabajo_integrador/trabajo_integrador/tareas.c:110:6:tsk_control	40	static
C:/Users/ferna/Documentos/Escuela/Proyecto_7mo/Github/curso-lse/trabajo_integrador/trabajo_integrador/tareas.c:153:6:tsk_display_write	64	static
C:/Users/ferna/Documentos/Escuela/Proyecto_7mo/Github/curso-lse/trabajo_integrador/trabajo_integrador/tareas.c:182:6:tsk_BH1750	32	static
C:/Users/ferna/Documentos/Escuela/Proyecto_7mo/Github/curso-lse/trabajo_integrador/trabajo_integrador/tareas.c:210:6:tsk_led_azul	32	static
C:/Users/ferna/Documentos/Escuela/Proyecto_7mo/Github/curso-lse/trabajo_integrador/trabajo_integrador/tareas.c:233:6:tsk_setpoint	72	static
C:/Users/ferna/Documentos/Escuela/Proyecto_7mo/Github/curso-lse/trabajo_integrador/trabajo_integrador/tareas.c:264:6:tsk_buzzer	104	static
C:/Users/ferna/Documentos/Escuela/Proyecto_7mo/Github/curso-lse/trabajo_integrador/trabajo_integrador/tareas.c:280:6:tsk_leds_control	48	static
C:/Users/ferna/Documentos/Escuela/Proyecto_7mo/Github/curso-lse/trabajo_integrador/trabajo_integrador/tareas.c:332:6:tsk_console_monitor	32	static
