Archive member included to satisfy reference by file (symbol)

C:/Users/ferna/.mcuxpressotools/arm-gnu-toolchain-13.2.Rel1-mingw-w64-i686-arm-none-eabi/bin/../lib/gcc/arm-none-eabi/13.2.1/thumb/v6-m/nofp\libgcc.a(_udivsi3.o)
                              CMakeFiles/new_project.elf.dir/cfc0be5d57a03a456ef472fd0b57cf51/Github/curso-lse/trabajo_integrador/trabajo_integrador/tareas.c.obj (__aeabi_uidiv)
C:/Users/ferna/.mcuxpressotools/arm-gnu-toolchain-13.2.Rel1-mingw-w64-i686-arm-none-eabi/bin/../lib/gcc/arm-none-eabi/13.2.1/thumb/v6-m/nofp\libgcc.a(_divsi3.o)
                              CMakeFiles/new_project.elf.dir/cfc0be5d57a03a456ef472fd0b57cf51/Github/curso-lse/trabajo_integrador/trabajo_integrador/tareas.c.obj (__aeabi_idiv)
C:/Users/ferna/.mcuxpressotools/arm-gnu-toolchain-13.2.Rel1-mingw-w64-i686-arm-none-eabi/bin/../lib/gcc/arm-none-eabi/13.2.1/thumb/v6-m/nofp\libgcc.a(_dvmd_tls.o)
                              C:/Users/ferna/.mcuxpressotools/arm-gnu-toolchain-13.2.Rel1-mingw-w64-i686-arm-none-eabi/bin/../lib/gcc/arm-none-eabi/13.2.1/thumb/v6-m/nofp\libgcc.a(_udivsi3.o) (__aeabi_idiv0)
C:/Users/ferna/.mcuxpressotools/arm-gnu-toolchain-13.2.Rel1-mingw-w64-i686-arm-none-eabi/bin/../lib/gcc/arm-none-eabi/13.2.1/thumb/v6-m/nofp\libgcc.a(_arm_cmpsf2.o)
                              CMakeFiles/new_project.elf.dir/cfc0be5d57a03a456ef472fd0b57cf51/Github/curso-lse/trabajo_integrador/trabajo_integrador/tareas.c.obj (__aeabi_fcmplt)
C:/Users/ferna/.mcuxpressotools/arm-gnu-toolchain-13.2.Rel1-mingw-w64-i686-arm-none-eabi/bin/../lib/gcc/arm-none-eabi/13.2.1/thumb/v6-m/nofp\libgcc.a(_aeabi_uldivmod.o)
                              CMakeFiles/new_project.elf.dir/a30e4a380bddc137d657d01a6d030b7e/sdks/trabajo_integrador_sdk/devices/LPC845/drivers/fsl_sctimer.c.obj (__aeabi_uldivmod)
C:/Users/ferna/.mcuxpressotools/arm-gnu-toolchain-13.2.Rel1-mingw-w64-i686-arm-none-eabi/bin/../lib/gcc/arm-none-eabi/13.2.1/thumb/v6-m/nofp\libgcc.a(_muldi3.o)
                              CMakeFiles/new_project.elf.dir/a30e4a380bddc137d657d01a6d030b7e/sdks/trabajo_integrador_sdk/devices/LPC845/drivers/fsl_sctimer.c.obj (__aeabi_lmul)
C:/Users/ferna/.mcuxpressotools/arm-gnu-toolchain-13.2.Rel1-mingw-w64-i686-arm-none-eabi/bin/../lib/gcc/arm-none-eabi/13.2.1/thumb/v6-m/nofp\libgcc.a(_fixunssfsi.o)
                              CMakeFiles/new_project.elf.dir/cfc0be5d57a03a456ef472fd0b57cf51/Github/curso-lse/trabajo_integrador/trabajo_integrador/tareas.c.obj (__aeabi_f2uiz)
C:/Users/ferna/.mcuxpressotools/arm-gnu-toolchain-13.2.Rel1-mingw-w64-i686-arm-none-eabi/bin/../lib/gcc/arm-none-eabi/13.2.1/thumb/v6-m/nofp\libgcc.a(_udivmoddi4.o)
                              C:/Users/ferna/.mcuxpressotools/arm-gnu-toolchain-13.2.Rel1-mingw-w64-i686-arm-none-eabi/bin/../lib/gcc/arm-none-eabi/13.2.1/thumb/v6-m/nofp\libgcc.a(_aeabi_uldivmod.o) (__udivmoddi4)
C:/Users/ferna/.mcuxpressotools/arm-gnu-toolchain-13.2.Rel1-mingw-w64-i686-arm-none-eabi/bin/../lib/gcc/arm-none-eabi/13.2.1/thumb/v6-m/nofp\libgcc.a(addsf3.o)
                              CMakeFiles/new_project.elf.dir/cfc0be5d57a03a456ef472fd0b57cf51/Github/curso-lse/trabajo_integrador/trabajo_integrador/tareas.c.obj (__aeabi_fadd)
C:/Users/ferna/.mcuxpressotools/arm-gnu-toolchain-13.2.Rel1-mingw-w64-i686-arm-none-eabi/bin/../lib/gcc/arm-none-eabi/13.2.1/thumb/v6-m/nofp\libgcc.a(divsf3.o)
                              CMakeFiles/new_project.elf.dir/cfc0be5d57a03a456ef472fd0b57cf51/Github/curso-lse/trabajo_integrador/trabajo_integrador/tareas.c.obj (__aeabi_fdiv)
C:/Users/ferna/.mcuxpressotools/arm-gnu-toolchain-13.2.Rel1-mingw-w64-i686-arm-none-eabi/bin/../lib/gcc/arm-none-eabi/13.2.1/thumb/v6-m/nofp\libgcc.a(eqsf2.o)
                              C:/Users/ferna/.mcuxpressotools/arm-gnu-toolchain-13.2.Rel1-mingw-w64-i686-arm-none-eabi/bin/../lib/gcc/arm-none-eabi/13.2.1/thumb/v6-m/nofp\libgcc.a(_arm_cmpsf2.o) (__eqsf2)
C:/Users/ferna/.mcuxpressotools/arm-gnu-toolchain-13.2.Rel1-mingw-w64-i686-arm-none-eabi/bin/../lib/gcc/arm-none-eabi/13.2.1/thumb/v6-m/nofp\libgcc.a(gesf2.o)
                              C:/Users/ferna/.mcuxpressotools/arm-gnu-toolchain-13.2.Rel1-mingw-w64-i686-arm-none-eabi/bin/../lib/gcc/arm-none-eabi/13.2.1/thumb/v6-m/nofp\libgcc.a(_arm_cmpsf2.o) (__gesf2)
C:/Users/ferna/.mcuxpressotools/arm-gnu-toolchain-13.2.Rel1-mingw-w64-i686-arm-none-eabi/bin/../lib/gcc/arm-none-eabi/13.2.1/thumb/v6-m/nofp\libgcc.a(lesf2.o)
                              C:/Users/ferna/.mcuxpressotools/arm-gnu-toolchain-13.2.Rel1-mingw-w64-i686-arm-none-eabi/bin/../lib/gcc/arm-none-eabi/13.2.1/thumb/v6-m/nofp\libgcc.a(_arm_cmpsf2.o) (__lesf2)
C:/Users/ferna/.mcuxpressotools/arm-gnu-toolchain-13.2.Rel1-mingw-w64-i686-arm-none-eabi/bin/../lib/gcc/arm-none-eabi/13.2.1/thumb/v6-m/nofp\libgcc.a(mulsf3.o)
[...]
Memory Configuration

Name             Origin             Length             Attributes
m_interrupts     0x00000000         0x00000200         xr
m_crp            0x000002fc         0x00000004         xr
m_text           0x00000300         0x0000fd00         xr
m_data           0x10000000         0x00003fe0         rw
*default*        0x00000000         0xffffffff

Linker script and memory map

LOAD C:/Users/ferna/.mcuxpressotools/arm-gnu-toolchain-13.2.Rel1-mingw-w64-i686-arm-none-eabi/bin/../lib/gcc/arm-none-eabi/13.2.1/thumb/v6-m/nofp/crti.o
LOAD C:/Users/ferna/.mcuxpressotools/arm-gnu-toolchain-13.2.Rel1-mingw-w64-i686-arm-none-eabi/bin/../lib/gcc/arm-none-eabi/13.2.1/thumb/v6-m/nofp/crtbegin.o
LOAD C:/Users/ferna/.mcuxpressotools/arm-gnu-toolchain-13.2.Rel1-mingw-w64-i686-arm-none-eabi/bin/../lib/gcc/arm-none-eabi/13.2.1/thumb/v6-m/nofp/crt0.o
LOAD CMakeFiles/new_project.elf.dir/cfc0be5d57a03a456ef472fd0b57cf51/Github/curso-lse/trabajo_integrador/trabajo_integrador/main.c.obj
LOAD CMakeFiles/new_project.elf.dir/32b9bc56fcabf81ff5c14abd870238f9/curso-lse/trabajo_integrador/trabajo_integrador/peripherals.c.obj
LOAD CMakeFiles/new_project.elf.dir/cfc0be5d57a03a456ef472fd0b57cf51/Github/curso-lse/trabajo_integrador/trabajo_integrador/pin_mux.c.obj
LOAD CMakeFiles/new_project.elf.dir/cfc0be5d57a03a456ef472fd0b57cf51/Github/curso-lse/trabajo_integrador/trabajo_integrador/board.c.obj
LOAD CMakeFiles/new_project.elf.dir/32b9bc56fcabf81ff5c14abd870238f9/curso-lse/trabajo_integrador/trabajo_integrador/clock_config.c.obj
LOAD CMakeFiles/new_project.elf.dir/32b9bc56fcabf81ff5c14abd870238f9/curso-lse/trabajo_integrador/trabajo_integrador/hardware_init.c.obj
LOAD CMakeFiles/new_project.elf.dir/cfc0be5d57a03a456ef472fd0b57cf51/Github/curso-lse/trabajo_integrador/trabajo_integrador/tareas.c.obj
LOAD CMakeFiles/new_project.elf.dir/cfc0be5d57a03a456ef472fd0b57cf51/Github/curso-lse/trabajo_integrador/trabajo_integrador/wrappers.c.obj
LOAD CMakeFiles/new_project.elf.dir/cfc0be5d57a03a456ef472fd0b57cf51/Github/curso-lse/trabajo_integrador/trabajo_integrador/isr.c.obj
LOAD CMakeFiles/new_project.elf.dir/a30e4a380bddc137d657d01a6d030b7e/sdks/trabajo_integrador_sdk/devices/LPC845/drivers/fsl_i2c.c.obj
LOAD CMakeFiles/new_project.elf.dir/a30e4a380bddc137d657d01a6d030b7e/sdks/trabajo_integrador_sdk/devices/LPC845/drivers/fsl_adc.c.obj
LOAD CMakeFiles/new_project.elf.dir/a30e4a380bddc137d657d01a6d030b7e/sdks/trabajo_integrador_sdk/devices/LPC845/drivers/fsl_sctimer.c.obj
LOAD CMakeFiles/new_project.elf.dir/a30e4a380bddc137d657d01a6d030b7e/sdks/trabajo_integrador_sdk/devices/LPC845/drivers/fsl_pint.c.obj
LOAD CMakeFiles/new_project.elf.dir/a30e4a380bddc137d657d01a6d030b7e/sdks/trabajo_integrador_sdk/devices/LPC845/drivers/fsl_gpio.c.obj
LOAD CMakeFiles/new_project.elf.dir/be9e862433bf5041efa857a9c90e8240/trabajo_integrador_sdk/components/uart/fsl_adapter_miniusart.c.obj
LOAD CMakeFiles/new_project.elf.dir/a30e4a380bddc137d657d01a6d030b7e/sdks/trabajo_integrador_sdk/devices/LPC845/gcc/startup_LPC845.S.obj
LOAD CMakeFiles/new_project.elf.dir/a30e4a380bddc137d657d01a6d030b7e/sdks/trabajo_integrador_sdk/devices/LPC845/system_LPC845.c.obj
LOAD CMakeFiles/new_project.elf.dir/a30e4a380bddc137d657d01a6d030b7e/sdks/trabajo_integrador_sdk/devices/LPC845/drivers/fsl_clock.c.obj
LOAD CMakeFiles/new_project.elf.dir/a30e4a380bddc137d657d01a6d030b7e/sdks/trabajo_integrador_sdk/devices/LPC845/drivers/fsl_common.c.obj
LOAD CMakeFiles/new_project.elf.dir/be9e862433bf5041efa857a9c90e8240/trabajo_integrador_sdk/devices/LPC845/drivers/fsl_common_arm.c.obj
LOAD CMakeFiles/new_project.elf.dir/a30e4a380bddc137d657d01a6d030b7e/sdks/trabajo_integrador_sdk/devices/LPC845/drivers/fsl_inputmux.c.obj
LOAD CMakeFiles/new_project.elf.dir/a30e4a380bddc137d657d01a6d030b7e/sdks/trabajo_integrador_sdk/devices/LPC845/drivers/fsl_usart.c.obj
LOAD CMakeFiles/new_project.elf.dir/a30e4a380bddc137d657d01a6d030b7e/sdks/trabajo_integrador_sdk/devices/LPC845/drivers/fsl_power.c.obj
LOAD CMakeFiles/new_project.elf.dir/a30e4a380bddc137d657d01a6d030b7e/sdks/trabajo_integrador_sdk/devices/LPC845/drivers/fsl_reset.c.obj
LOAD CMakeFiles/new_project.elf.dir/a30e4a380bddc137d657d01a6d030b7e/sdks/trabajo_integrador_sdk/devices/LPC845/drivers/fsl_swm.c.obj
LOAD CMakeFiles/new_project.elf.dir/a30e4a380bddc137d657d01a6d030b7e/sdks/trabajo_integrador_sdk/devices/LPC845/drivers/fsl_syscon.c.obj
LOAD CMakeFiles/new_project.elf.dir/b7561fe964618e7d963c3704882cbf36/devices/LPC845/utilities/fsl_syscall_stub.c.obj
LOAD CMakeFiles/new_project.elf.dir/a30e4a380bddc137d657d01a6d030b7e/sdks/trabajo_integrador_sdk/devices/LPC845/utilities/fsl_sbrk.c.obj
LOAD CMakeFiles/new_project.elf.dir/b7561fe964618e7d963c3704882cbf36/devices/LPC845/utilities/debug_console_lite/fsl_assert.c.obj
LOAD CMakeFiles/new_project.elf.dir/b7561fe964618e7d963c3704882cbf36/devices/LPC845/utilities/debug_console_lite/fsl_debug_console.c.obj
LOAD CMakeFiles/new_project.elf.dir/be9e862433bf5041efa857a9c90e8240/trabajo_integrador_sdk/devices/LPC845/utilities/str/fsl_str.c.obj
START GROUP
LOAD C:/Users/ferna/.mcuxpressotools/arm-gnu-toolchain-13.2.Rel1-mingw-w64-i686-arm-none-eabi/bin/../lib/gcc/arm-none-eabi/13.2.1/thumb/v6-m/nofp\libgcc.a
LOAD C:/Users/ferna/.mcuxpressotools/arm-gnu-toolchain-13.2.Rel1-mingw-w64-i686-arm-none-eabi/bin/../lib/gcc/arm-none-eabi/13.2.1/thumb/v6-m/nofp\libc_nano.a
LOAD C:/Users/ferna/.mcuxpressotools/arm-gnu-toolchain-13.2.Rel1-mingw-w64-i686-arm-none-eabi/bin/../lib/gcc/arm-none-eabi/13.2.1/thumb/v6-m/nofp\libm.a
LOAD C:/Users/ferna/.mcuxpressotools/arm-gnu-toolchain-13.2.Rel1-mingw-w64-i686-arm-none-eabi/bin/../lib/gcc/arm-none-eabi/13.2.1/../../../../arm-none-eabi/lib/thumb/v6-m/nofp\libcr_newlib_nohost.a
LOAD freertos/libfreertos.a
END GROUP
START GROUP
LOAD C:/Users/ferna/.mcuxpressotools/arm-gnu-toolchain-13.2.Rel1-mingw-w64-i686-arm-none-eabi/bin/../lib/gcc/arm-none-eabi/13.2.1/thumb/v6-m/nofp\libgcc.a
LOAD C:/Users/ferna/.mcuxpressotools/arm-gnu-toolchain-13.2.Rel1-mingw-w64-i686-arm-none-eabi/bin/../lib/gcc/arm-none-eabi/13.2.1/thumb/v6-m/nofp\libg_nano.a
LOAD C:/Users/ferna/.mcuxpressotools/arm-gnu-toolchain-13.2.Rel1-mingw-w64-i686-arm-none-eabi/bin/../lib/gcc/arm-none-eabi/13.2.1/thumb/v6-m/nofp\libc_nano.a
END GROUP
START GROUP
LOAD C:/Users/ferna/.mcuxpressotools/arm-gnu-toolchain-13.2.Rel1-mingw-w64-i686-arm-none-eabi/bin/../lib/gcc/arm-none-eabi/13.2.1/thumb/v6-m/nofp\libgcc.a
LOAD C:/Users/ferna/.mcuxpressotools/arm-gnu-toolchain-13.2.Rel1-mingw-w64-i686-arm-none-eabi/bin/../lib/gcc/arm-none-eabi/13.2.1/thumb/v6-m/nofp\libc_nano.a
LOAD C:/Users/ferna/.mcuxpressotools/arm-gnu-toolchain-13.2.Rel1-mingw-w64-i686-arm-none-eabi/bin/../lib/gcc/arm-none-eabi/13.2.1/thumb/v6-m/nofp\libnosys.a
END GROUP
START GROUP
LOAD C:/Users/ferna/.mcuxpressotools/arm-gnu-toolchain-13.2.Rel1-mingw-w64-i686-arm-none-eabi/bin/../lib/gcc/arm-none-eabi/13.2.1/thumb/v6-m/nofp\libgcc.a
LOAD C:/Users/ferna/.mcuxpressotools/arm-gnu-toolchain-13.2.Rel1-mingw-w64-i686-arm-none-eabi/bin/../lib/gcc/arm-none-eabi/13.2.1/thumb/v6-m/nofp\libc_nano.a
LOAD C:/Users/ferna/.mcuxpressotools/arm-gnu-toolchain-13.2.Rel1-mingw-w64-i686-arm-none-eabi/bin/../lib/gcc/arm-none-eabi/13.2.1/thumb/v6-m/nofp\libnosys.a
END GROUP
LOAD C:/Users/ferna/.mcuxpressotools/arm-gnu-toolchain-13.2.Rel1-mingw-w64-i686-arm-none-eabi/bin/../lib/gcc/arm-none-eabi/13.2.1/thumb/v6-m/nofp/crtend.o
LOAD C:/Users/ferna/.mcuxpressotools/arm-gnu-toolchain-13.2.Rel1-mingw-w64-i686-arm-none-eabi/bin/../lib/gcc/arm-none-eabi/13.2.1/thumb/v6-m/nofp/crtn.o
                0x00000400                        HEAP_SIZE = DEFINED (__heap_size__)?__heap_size__:0x400
                0x00000800                        STACK_SIZE = DEFINED (__stack_size__)?__stack_size__:0x800
                0xefffb4f9                        __valid_user_code_checksum = (0x0 - ((((__StackTop + Reset_Handler) + NMI_Handler) + HardFault_Handler) + 0x3))

.interrupts     0x00000000       0xc0
                0x00000000                        . = ALIGN (0x4)
 *(.isr_vector)
 .isr_vector    0x00000000       0xc0 CMakeFiles/new_project.elf.dir/a30e4a380bddc137d657d01a6d030b7e/sdks/trabajo_integrador_sdk/devices/LPC845/gcc/startup_LPC845.S.obj
                0x00000000                __Vectors
                0x000000c0                        . = ALIGN (0x4)

.crp            0x000002fc        0x4
                0x000002fc                        . = ALIGN (0x4)
 *(.crp)
 .crp           0x000002fc        0x4 CMakeFiles/new_project.elf.dir/a30e4a380bddc137d657d01a6d030b7e/sdks/trabajo_integrador_sdk/devices/LPC845/gcc/startup_LPC845.S.obj
                0x00000300                        . = ALIGN (0x4)

.text           0x00000300     0xabe4
                0x00000300                        . = ALIGN (0x4)
 *(.text)
 .text          0x00000300       0x80 C:/Users/ferna/.mcuxpressotools/arm-gnu-toolchain-13.2.Rel1-mingw-w64-i686-arm-none-eabi/bin/../lib/gcc/arm-none-eabi/13.2.1/thumb/v6-m/nofp/crt0.o
                0x00000300                _stack_init
                0x0000030c                _start
                0x0000030c                _mainCRTStartup
 .text          0x00000380      0x17c CMakeFiles/new_project.elf.dir/a30e4a380bddc137d657d01a6d030b7e/sdks/trabajo_integrador_sdk/devices/LPC845/gcc/startup_LPC845.S.obj
                0x00000380                Reset_Handler
                0x000003cc                WDT_DriverIRQHandler
                0x000003cc                ADC0_OVR_DriverIRQHandler
                0x000003cc                CTIMER0_DriverIRQHandler
                0x000003cc                DMA0_DriverIRQHandler
                0x000003cc                ADC0_SEQB_DriverIRQHandler
                0x000003cc                SPI1_DriverIRQHandler
                0x000003cc                FLASH_DriverIRQHandler
                0x000003cc                Reserved22_DriverIRQHandler
                0x000003cc                ADC0_THCMP_DriverIRQHandler
                0x000003cc                I2C3_DriverIRQHandler
                0x000003cc                CMP_CAPT_DriverIRQHandler
                0x000003cc                PIN_INT5_DAC1_DriverIRQHandler
                0x000003cc                ADC0_SEQA_DriverIRQHandler
                0x000003cc                MRT0_DriverIRQHandler
                0x000003cc                DefaultISR
                0x000003cc                SPI0_DriverIRQHandler
                0x000003cc                WKT_DriverIRQHandler
                0x000003cc                DAC0_DriverIRQHandler
                0x000003cc                BOD_DriverIRQHandler
                0x000003d0                NMI_Handler
                0x000003d4                HardFault_Handler
                0x000003e4                SPI0_IRQHandler
                0x000003e8                SPI1_IRQHandler
                0x000003ec                DAC0_IRQHandler
                0x000003f0                USART0_IRQHandler
                0x000003f4                USART1_IRQHandler
                0x000003f8                USART2_IRQHandler
                0x000003fc                Reserved22_IRQHandler
                0x00000400                I2C1_IRQHandler
                0x00000404                I2C0_IRQHandler
                0x00000408                SCT0_IRQHandler
                0x0000040c                MRT0_IRQHandler
                0x00000410                CMP_CAPT_IRQHandler
                0x00000414                WDT_IRQHandler
                0x00000418                BOD_IRQHandler
                0x0000041c                FLASH_IRQHandler
                0x00000420                WKT_IRQHandler
                0x00000428                ADC0_SEQB_IRQHandler
                0x0000042c                ADC0_THCMP_IRQHandler
                0x00000430                ADC0_OVR_IRQHandler
                0x00000434                DMA0_IRQHandler
                0x00000438                I2C2_IRQHandler
                0x0000043c                I2C3_IRQHandler
                0x00000440                CTIMER0_IRQHandler
                0x00000444                PIN_INT0_IRQHandler
                0x00000448                PIN_INT1_IRQHandler
                0x0000044c                PIN_INT2_IRQHandler
                0x00000450                PIN_INT3_IRQHandler
                0x00000454                PIN_INT4_IRQHandler
 .text          0x000004fc      0x114 C:/Users/ferna/.mcuxpressotools/arm-gnu-toolchain-13.2.Rel1-mingw-w64-i686-arm-none-eabi/bin/../lib/gcc/arm-none-eabi/13.2.1/thumb/v6-m/nofp\libgcc.a(_udivsi3.o)
                0x000004fc                __aeabi_uidiv
                0x000004fc                __udivsi3
                0x00000608                __aeabi_uidivmod
 .text          0x00000610      0x1d4 C:/Users/ferna/.mcuxpressotools/arm-gnu-toolchain-13.2.Rel1-mingw-w64-i686-arm-none-eabi/bin/../lib/gcc/arm-none-eabi/13.2.1/thumb/v6-m/nofp\libgcc.a(_divsi3.o)
                0x00000610                __divsi3
                0x00000610                __aeabi_idiv
                0x000007dc                __aeabi_idivmod
 .text          0x000007e4        0x4 C:/Users/ferna/.mcuxpressotools/arm-gnu-toolchain-13.2.Rel1-mingw-w64-i686-arm-none-eabi/bin/../lib/gcc/arm-none-eabi/13.2.1/thumb/v6-m/nofp\libgcc.a(_dvmd_tls.o)
                0x000007e4                __aeabi_idiv0
                0x000007e4                __aeabi_ldiv0
 .text          0x000007e8       0x74 C:/Users/ferna/.mcuxpressotools/arm-gnu-toolchain-13.2.Rel1-mingw-w64-i686-arm-none-eabi/bin/../lib/gcc/arm-none-eabi/13.2.1/thumb/v6-m/nofp\libgcc.a(_arm_cmpsf2.o)
                0x000007e8                __aeabi_cfrcmple
                0x000007f0                __aeabi_cfcmpeq
                0x000007f0                __aeabi_cfcmple
                0x00000800                __aeabi_fcmpeq
                0x0000080c                __aeabi_fcmplt
                0x00000820                __aeabi_fcmple
                0x00000834                __aeabi_fcmpgt
                0x00000848                __aeabi_fcmpge
 .text          0x0000085c       0x40 C:/Users/ferna/.mcuxpressotools/arm-gnu-toolchain-13.2.Rel1-mingw-w64-i686-arm-none-eabi/bin/../lib/gcc/arm-none-eabi/13.2.1/thumb/v6-m/nofp\libgcc.a(_aeabi_uldivmod.o)
                0x0000085c                __aeabi_uldivmod
 .text          0x0000089c       0x3c C:/Users/ferna/.mcuxpressotools/arm-gnu-toolchain-13.2.Rel1-mingw-w64-i686-arm-none-eabi/bin/../lib/gcc/arm-none-eabi/13.2.1/thumb/v6-m/nofp\libgcc.a(_clzsi2.o)
                0x0000089c                __clzsi2
 .text          0x000008d8       0x18 C:/Users/ferna/.mcuxpressotools/arm-gnu-toolchain-13.2.Rel1-mingw-w64-i686-arm-none-eabi/bin/../lib/gcc/arm-none-eabi/13.2.1/thumb/v6-m/nofp\libgcc.a(_clzdi2.o)
                0x000008d8                __clzdi2
 .text          0x000008f0        0xe C:/Users/ferna/.mcuxpressotools/arm-gnu-toolchain-13.2.Rel1-mingw-w64-i686-arm-none-eabi/bin/../lib/gcc/arm-none-eabi/13.2.1/thumb/v6-m/nofp\libc_nano.a(libc_a-strlen.o)
                0x000008f0                strlen
 *(.text*)
 *fill*         0x000008fe        0x2 
 .text.deregister_tm_clones
                0x00000900       0x20 C:/Users/ferna/.mcuxpressotools/arm-gnu-toolchain-13.2.Rel1-mingw-w64-i686-arm-none-eabi/bin/../lib/gcc/arm-none-eabi/13.2.1/thumb/v6-m/nofp/crtbegin.o
 .text.register_tm_clones
                0x00000920       0x28 C:/Users/ferna/.mcuxpressotools/arm-gnu-toolchain-13.2.Rel1-mingw-w64-i686-arm-none-eabi/bin/../lib/gcc/arm-none-eabi/13.2.1/thumb/v6-m/nofp/crtbegin.o
 .text.__do_global_dtors_aux
                0x00000948       0x2c C:/Users/ferna/.mcuxpressotools/arm-gnu-toolchain-13.2.Rel1-mingw-w64-i686-arm-none-eabi/bin/../lib/gcc/arm-none-eabi/13.2.1/thumb/v6-m/nofp/crtbegin.o
 .text.frame_dummy
                0x00000974       0x24 C:/Users/ferna/.mcuxpressotools/arm-gnu-toolchain-13.2.Rel1-mingw-w64-i686-arm-none-eabi/bin/../lib/gcc/arm-none-eabi/13.2.1/thumb/v6-m/nofp/crtbegin.o
 .text.main     0x00000998      0x150 CMakeFiles/new_project.elf.dir/cfc0be5d57a03a456ef472fd0b57cf51/Github/curso-lse/trabajo_integrador/trabajo_integrador/main.c.obj
                0x00000998                main
 .text.CLOCK_Select
                0x00000ae8       0x38 CMakeFiles/new_project.elf.dir/cfc0be5d57a03a456ef472fd0b57cf51/Github/curso-lse/trabajo_integrador/trabajo_integrador/board.c.obj
 .text.BOARD_InitDebugConsole
                0x00000b20       0x58 CMakeFiles/new_project.elf.dir/cfc0be5d57a03a456ef472fd0b57cf51/Github/curso-lse/trabajo_integrador/trabajo_integrador/board.c.obj
                0x00000b20                BOARD_InitDebugConsole
 .text.CLOCK_Select
                0x00000b78       0x38 CMakeFiles/new_project.elf.dir/32b9bc56fcabf81ff5c14abd870238f9/curso-lse/trabajo_integrador/trabajo_integrador/clock_config.c.obj
 .text.CLOCK_SetCoreSysClkDiv
                0x00000bb0       0x4c CMakeFiles/new_project.elf.dir/32b9bc56fcabf81ff5c14abd870238f9/curso-lse/trabajo_integrador/trabajo_integrador/clock_config.c.obj
 .text.CLOCK_SetFroOscFreq
                0x00000bfc       0x24 CMakeFiles/new_project.elf.dir/32b9bc56fcabf81ff5c14abd870238f9/curso-lse/trabajo_integrador/trabajo_integrador/clock_config.c.obj
 .text.POWER_DisablePD
                0x00000c20       0x2c CMakeFiles/new_project.elf.dir/32b9bc56fcabf81ff5c14abd870238f9/curso-lse/trabajo_integrador/trabajo_integrador/clock_config.c.obj
 .text.BOARD_BootClockFRO30M
                0x00000c4c       0x58 CMakeFiles/new_project.elf.dir/32b9bc56fcabf81ff5c14abd870238f9/curso-lse/trabajo_integrador/trabajo_integrador/clock_config.c.obj
                0x00000c4c                BOARD_BootClockFRO30M
 .text.GPIO_PinWrite
                0x00000ca4       0x2c CMakeFiles/new_project.elf.dir/cfc0be5d57a03a456ef472fd0b57cf51/Github/curso-lse/trabajo_integrador/trabajo_integrador/tareas.c.obj
 .text.GPIO_PinRead
                0x00000cd0       0x24 CMakeFiles/new_project.elf.dir/cfc0be5d57a03a456ef472fd0b57cf51/Github/curso-lse/trabajo_integrador/trabajo_integrador/tareas.c.obj
 .text.ADC_DoSoftwareTriggerConvSeqA
                0x00000cf4       0x1e CMakeFiles/new_project.elf.dir/cfc0be5d57a03a456ef472fd0b57cf51/Github/curso-lse/trabajo_integrador/trabajo_integrador/tareas.c.obj
 .text.wrapper_gpio_init
                0x00000d12       0x24 CMakeFiles/new_project.elf.dir/cfc0be5d57a03a456ef472fd0b57cf51/Github/curso-lse/trabajo_integrador/trabajo_integrador/tareas.c.obj
 .text.wrapper_btn_get
                0x00000d36       0x30 CMakeFiles/new_project.elf.dir/cfc0be5d57a03a456ef472fd0b57cf51/Github/curso-lse/trabajo_integrador/trabajo_integrador/tareas.c.obj
 .text.wrapper_output_init
                0x00000d66       0x3e CMakeFiles/new_project.elf.dir/cfc0be5d57a03a456ef472fd0b57cf51/Github/curso-lse/trabajo_integrador/trabajo_integrador/tareas.c.obj
 .text.wrapper_display_off
                0x00000da4       0x26 CMakeFiles/new_project.elf.dir/cfc0be5d57a03a456ef472fd0b57cf51/Github/curso-lse/trabajo_integrador/trabajo_integrador/tareas.c.obj
 .text.wrapper_display_on
                0x00000dca       0x28 CMakeFiles/new_project.elf.dir/cfc0be5d57a03a456ef472fd0b57cf51/Github/curso-lse/trabajo_integrador/trabajo_integrador/tareas.c.obj
 .text.wrapper_btn_get_with_debouncing_with_pull_up
                0x00000df2       0x56 CMakeFiles/new_project.elf.dir/cfc0be5d57a03a456ef472fd0b57cf51/Github/curso-lse/trabajo_integrador/trabajo_integrador/tareas.c.obj
 .text.tsk_init
                0x00000e48      0x164 CMakeFiles/new_project.elf.dir/cfc0be5d57a03a456ef472fd0b57cf51/Github/curso-lse/trabajo_integrador/trabajo_integrador/tareas.c.obj
                0x00000e48                tsk_init
 .text.tsk_adc  0x00000fac       0x20 CMakeFiles/new_project.elf.dir/cfc0be5d57a03a456ef472fd0b57cf51/Github/curso-lse/trabajo_integrador/trabajo_integrador/tareas.c.obj
                0x00000fac                tsk_adc
 .text.tsk_display_change
                0x00000fcc       0x50 CMakeFiles/new_project.elf.dir/cfc0be5d57a03a456ef472fd0b57cf51/Github/curso-lse/trabajo_integrador/trabajo_integrador/tareas.c.obj
                0x00000fcc                tsk_display_change
 .text.tsk_control
                0x0000101c       0xc0 CMakeFiles/new_project.elf.dir/cfc0be5d57a03a456ef472fd0b57cf51/Github/curso-lse/trabajo_integrador/trabajo_integrador/tareas.c.obj
                0x0000101c                tsk_control
 .text.tsk_display_write
                0x000010dc       0xa8 CMakeFiles/new_project.elf.dir/cfc0be5d57a03a456ef472fd0b57cf51/Github/curso-lse/trabajo_integrador/trabajo_integrador/tareas.c.obj
                0x000010dc                tsk_display_write
 .text.tsk_BH1750
                0x00001184       0x98 CMakeFiles/new_project.elf.dir/cfc0be5d57a03a456ef472fd0b57cf51/Github/curso-lse/trabajo_integrador/trabajo_integrador/tareas.c.obj
                0x00001184                tsk_BH1750
 .text.tsk_led_azul
                0x0000121c       0x5c CMakeFiles/new_project.elf.dir/cfc0be5d57a03a456ef472fd0b57cf51/Github/curso-lse/trabajo_integrador/trabajo_integrador/tareas.c.obj
                0x0000121c                tsk_led_azul
 .text.tsk_setpoint
                0x00001278       0xfc CMakeFiles/new_project.elf.dir/cfc0be5d57a03a456ef472fd0b57cf51/Github/curso-lse/trabajo_integrador/trabajo_integrador/tareas.c.obj
                0x00001278                tsk_setpoint
 .text.tsk_buzzer
                0x00001374       0x90 CMakeFiles/new_project.elf.dir/cfc0be5d57a03a456ef472fd0b57cf51/Github/curso-lse/trabajo_integrador/trabajo_integrador/tareas.c.obj
                0x00001374                tsk_buzzer
 .text.tsk_leds_control
                0x00001404      0x104 CMakeFiles/new_project.elf.dir/cfc0be5d57a03a456ef472fd0b57cf51/Github/curso-lse/trabajo_integrador/trabajo_integrador/tareas.c.obj
                0x00001404                tsk_leds_control
 .text.tsk_console_monitor
                0x00001508       0x60 CMakeFiles/new_project.elf.dir/cfc0be5d57a03a456ef472fd0b57cf51/Github/curso-lse/trabajo_integrador/trabajo_integrador/tareas.c.obj
                0x00001508                tsk_console_monitor
 .text.__NVIC_EnableIRQ
                0x00001568       0x34 CMakeFiles/new_project.elf.dir/cfc0be5d57a03a456ef472fd0b57cf51/Github/curso-lse/trabajo_integrador/trabajo_integrador/wrappers.c.obj
 .text.CLOCK_EnableClock
                0x0000159c       0x54 CMakeFiles/new_project.elf.dir/cfc0be5d57a03a456ef472fd0b57cf51/Github/curso-lse/trabajo_integrador/trabajo_integrador/wrappers.c.obj
 .text.CLOCK_DisableClock
                0x000015f0       0x58 CMakeFiles/new_project.elf.dir/cfc0be5d57a03a456ef472fd0b57cf51/Github/curso-lse/trabajo_integrador/trabajo_integrador/wrappers.c.obj
 .text.CLOCK_Select
                0x00001648       0x38 CMakeFiles/new_project.elf.dir/cfc0be5d57a03a456ef472fd0b57cf51/Github/curso-lse/trabajo_integrador/trabajo_integrador/wrappers.c.obj
 .text.CLOCK_SetClkDivider
                0x00001680       0x30 CMakeFiles/new_project.elf.dir/cfc0be5d57a03a456ef472fd0b57cf51/Github/curso-lse/trabajo_integrador/trabajo_integrador/wrappers.c.obj
 .text.CLOCK_GetClkDivider
                0x000016b0       0x2c CMakeFiles/new_project.elf.dir/cfc0be5d57a03a456ef472fd0b57cf51/Github/curso-lse/trabajo_integrador/trabajo_integrador/wrappers.c.obj
 .text.GPIO_PinWrite
                0x000016dc       0x2c CMakeFiles/new_project.elf.dir/cfc0be5d57a03a456ef472fd0b57cf51/Github/curso-lse/trabajo_integrador/trabajo_integrador/wrappers.c.obj
 .text.POWER_DisablePD
                0x00001708       0x2c CMakeFiles/new_project.elf.dir/cfc0be5d57a03a456ef472fd0b57cf51/Github/curso-lse/trabajo_integrador/trabajo_integrador/wrappers.c.obj
 .text.ADC_EnableConvSeqA
                0x00001734       0x3a CMakeFiles/new_project.elf.dir/cfc0be5d57a03a456ef472fd0b57cf51/Github/curso-lse/trabajo_integrador/trabajo_integrador/wrappers.c.obj
 .text.ADC_EnableInterrupts
                0x0000176e       0x22 CMakeFiles/new_project.elf.dir/cfc0be5d57a03a456ef472fd0b57cf51/Github/curso-lse/trabajo_integrador/trabajo_integrador/wrappers.c.obj
 .text.SCTIMER_StartTimer
                0x00001790      0x108 CMakeFiles/new_project.elf.dir/cfc0be5d57a03a456ef472fd0b57cf51/Github/curso-lse/trabajo_integrador/trabajo_integrador/wrappers.c.obj
 .text.I2C_MasterRepeatedStart
                0x00001898       0x32 CMakeFiles/new_project.elf.dir/cfc0be5d57a03a456ef472fd0b57cf51/Github/curso-lse/trabajo_integrador/trabajo_integrador/wrappers.c.obj
 .text.wrapper_gpio_get_pin
                0x000018ca       0x1a CMakeFiles/new_project.elf.dir/cfc0be5d57a03a456ef472fd0b57cf51/Github/curso-lse/trabajo_integrador/trabajo_integrador/wrappers.c.obj
 .text.wrapper_adc_init
                0x000018e4       0xdc CMakeFiles/new_project.elf.dir/cfc0be5d57a03a456ef472fd0b57cf51/Github/curso-lse/trabajo_integrador/trabajo_integrador/wrappers.c.obj
                0x000018e4                wrapper_adc_init
 .text.wrapper_btn_init
                0x000019c0       0x7c CMakeFiles/new_project.elf.dir/cfc0be5d57a03a456ef472fd0b57cf51/Github/curso-lse/trabajo_integrador/trabajo_integrador/wrappers.c.obj
                0x000019c0                wrapper_btn_init
 .text.wrapper_gpio_enable_irq
                0x00001a3c       0x80 CMakeFiles/new_project.elf.dir/cfc0be5d57a03a456ef472fd0b57cf51/Github/curso-lse/trabajo_integrador/trabajo_integrador/wrappers.c.obj
                0x00001a3c                wrapper_gpio_enable_irq
 .text.wrapper_display_init
                0x00001abc       0x94 CMakeFiles/new_project.elf.dir/cfc0be5d57a03a456ef472fd0b57cf51/Github/curso-lse/trabajo_integrador/trabajo_integrador/wrappers.c.obj
                0x00001abc                wrapper_display_init
 .text.wrapper_display_write
                0x00001b50      0x108 CMakeFiles/new_project.elf.dir/cfc0be5d57a03a456ef472fd0b57cf51/Github/curso-lse/trabajo_integrador/trabajo_integrador/wrappers.c.obj
                0x00001b50                wrapper_display_write
 .text.wrapper_pwm_init
                0x00001c58      0x158 CMakeFiles/new_project.elf.dir/cfc0be5d57a03a456ef472fd0b57cf51/Github/curso-lse/trabajo_integrador/trabajo_integrador/wrappers.c.obj
                0x00001c58                wrapper_pwm_init
 .text.wrapper_pwm_update_led
                0x00001db0       0x58 CMakeFiles/new_project.elf.dir/cfc0be5d57a03a456ef472fd0b57cf51/Github/curso-lse/trabajo_integrador/trabajo_integrador/wrappers.c.obj
 .text.wrapper_pwm_update_bled
                0x00001e08       0x2c CMakeFiles/new_project.elf.dir/cfc0be5d57a03a456ef472fd0b57cf51/Github/curso-lse/trabajo_integrador/trabajo_integrador/wrappers.c.obj
                0x00001e08                wrapper_pwm_update_bled
 .text.wrapper_pwm_update_rled
                0x00001e34       0x2c CMakeFiles/new_project.elf.dir/cfc0be5d57a03a456ef472fd0b57cf51/Github/curso-lse/trabajo_integrador/trabajo_integrador/wrappers.c.obj
                0x00001e34                wrapper_pwm_update_rled
 .text.wrapper_pwm_update_led_azul
                0x00001e60       0x2c CMakeFiles/new_project.elf.dir/cfc0be5d57a03a456ef472fd0b57cf51/Github/curso-lse/trabajo_integrador/trabajo_integrador/wrappers.c.obj
                0x00001e60                wrapper_pwm_update_led_azul
 .text.wrapper_i2c_init
                0x00001e8c       0x6c CMakeFiles/new_project.elf.dir/cfc0be5d57a03a456ef472fd0b57cf51/Github/curso-lse/trabajo_integrador/trabajo_integrador/wrappers.c.obj
                0x00001e8c                wrapper_i2c_init
 .text.wrapper_bh1750_init
                0x00001ef8       0x60 CMakeFiles/new_project.elf.dir/cfc0be5d57a03a456ef472fd0b57cf51/Github/curso-lse/trabajo_integrador/trabajo_integrador/wrappers.c.obj
                0x00001ef8                wrapper_bh1750_init
 .text.wrapper_bh1750_read
                0x00001f58       0x68 CMakeFiles/new_project.elf.dir/cfc0be5d57a03a456ef472fd0b57cf51/Github/curso-lse/trabajo_integrador/trabajo_integrador/wrappers.c.obj
                0x00001f58                wrapper_bh1750_read
 .text.ADC_GetStatusFlags
                0x00001fc0       0x14 CMakeFiles/new_project.elf.dir/cfc0be5d57a03a456ef472fd0b57cf51/Github/curso-lse/trabajo_integrador/trabajo_integrador/isr.c.obj
 .text.ADC_ClearStatusFlags
                0x00001fd4       0x18 CMakeFiles/new_project.elf.dir/cfc0be5d57a03a456ef472fd0b57cf51/Github/curso-lse/trabajo_integrador/trabajo_integrador/isr.c.obj
 .text.cny70_callback
                0x00001fec       0x54 CMakeFiles/new_project.elf.dir/cfc0be5d57a03a456ef472fd0b57cf51/Github/curso-lse/trabajo_integrador/trabajo_integrador/isr.c.obj
                0x00001fec                cny70_callback
 .text.usr_callback
                0x00002040       0x54 CMakeFiles/new_project.elf.dir/cfc0be5d57a03a456ef472fd0b57cf51/Github/curso-lse/trabajo_integrador/trabajo_integrador/isr.c.obj
                0x00002040                usr_callback
 .text.ADC0_SEQA_IRQHandler
                0x00002094       0xa0 CMakeFiles/new_project.elf.dir/cfc0be5d57a03a456ef472fd0b57cf51/Github/curso-lse/trabajo_integrador/trabajo_integrador/isr.c.obj
                0x00002094                ADC0_SEQA_IRQHandler
 .text.CLOCK_EnableClock
                0x00002134       0x54 CMakeFiles/new_project.elf.dir/a30e4a380bddc137d657d01a6d030b7e/sdks/trabajo_integrador_sdk/devices/LPC845/drivers/fsl_i2c.c.obj
 .text.I2C_MasterEnable
                0x00002188       0x3c CMakeFiles/new_project.elf.dir/a30e4a380bddc137d657d01a6d030b7e/sdks/trabajo_integrador_sdk/devices/LPC845/drivers/fsl_i2c.c.obj
 .text.I2C_GetStatusFlags
                0x000021c4       0x14 CMakeFiles/new_project.elf.dir/a30e4a380bddc137d657d01a6d030b7e/sdks/trabajo_integrador_sdk/devices/LPC845/drivers/fsl_i2c.c.obj
 .text.I2C_MasterClearStatusFlags
                0x000021d8       0x1c CMakeFiles/new_project.elf.dir/a30e4a380bddc137d657d01a6d030b7e/sdks/trabajo_integrador_sdk/devices/LPC845/drivers/fsl_i2c.c.obj
 .text.I2C_GetInstance
                0x000021f4       0x58 CMakeFiles/new_project.elf.dir/a30e4a380bddc137d657d01a6d030b7e/sdks/trabajo_integrador_sdk/devices/LPC845/drivers/fsl_i2c.c.obj
                0x000021f4                I2C_GetInstance
 .text.I2C_MasterGetDefaultConfig
                0x0000224c       0x34 CMakeFiles/new_project.elf.dir/a30e4a380bddc137d657d01a6d030b7e/sdks/trabajo_integrador_sdk/devices/LPC845/drivers/fsl_i2c.c.obj
                0x0000224c                I2C_MasterGetDefaultConfig
 .text.I2C_MasterInit
                0x00002280       0x64 CMakeFiles/new_project.elf.dir/a30e4a380bddc137d657d01a6d030b7e/sdks/trabajo_integrador_sdk/devices/LPC845/drivers/fsl_i2c.c.obj
                0x00002280                I2C_MasterInit
 .text.I2C_MasterSetBaudRate
                0x000022e4       0xcc CMakeFiles/new_project.elf.dir/a30e4a380bddc137d657d01a6d030b7e/sdks/trabajo_integrador_sdk/devices/LPC845/drivers/fsl_i2c.c.obj
                0x000022e4                I2C_MasterSetBaudRate
 .text.I2C_PendingStatusWait
                0x000023b0       0x30 CMakeFiles/new_project.elf.dir/a30e4a380bddc137d657d01a6d030b7e/sdks/trabajo_integrador_sdk/devices/LPC845/drivers/fsl_i2c.c.obj
 .text.I2C_MasterStart
                0x000023e0       0x54 CMakeFiles/new_project.elf.dir/a30e4a380bddc137d657d01a6d030b7e/sdks/trabajo_integrador_sdk/devices/LPC845/drivers/fsl_i2c.c.obj
                0x000023e0                I2C_MasterStart
 .text.I2C_MasterStop
                0x00002434       0x30 CMakeFiles/new_project.elf.dir/a30e4a380bddc137d657d01a6d030b7e/sdks/trabajo_integrador_sdk/devices/LPC845/drivers/fsl_i2c.c.obj
                0x00002434                I2C_MasterStop
 .text.I2C_MasterWriteBlocking
                0x00002464      0x124 CMakeFiles/new_project.elf.dir/a30e4a380bddc137d657d01a6d030b7e/sdks/trabajo_integrador_sdk/devices/LPC845/drivers/fsl_i2c.c.obj
                0x00002464                I2C_MasterWriteBlocking
 .text.I2C_MasterReadBlocking
                0x00002588      0x104 CMakeFiles/new_project.elf.dir/a30e4a380bddc137d657d01a6d030b7e/sdks/trabajo_integrador_sdk/devices/LPC845/drivers/fsl_i2c.c.obj
                0x00002588                I2C_MasterReadBlocking
 .text.I2C_TransferCommonIRQHandler
                0x0000268c       0x40 CMakeFiles/new_project.elf.dir/a30e4a380bddc137d657d01a6d030b7e/sdks/trabajo_integrador_sdk/devices/LPC845/drivers/fsl_i2c.c.obj
 .text.I2C0_DriverIRQHandler
                0x000026cc       0x20 CMakeFiles/new_project.elf.dir/a30e4a380bddc137d657d01a6d030b7e/sdks/trabajo_integrador_sdk/devices/LPC845/drivers/fsl_i2c.c.obj
                0x000026cc                I2C0_DriverIRQHandler
 .text.I2C1_DriverIRQHandler
                0x000026ec       0x20 CMakeFiles/new_project.elf.dir/a30e4a380bddc137d657d01a6d030b7e/sdks/trabajo_integrador_sdk/devices/LPC845/drivers/fsl_i2c.c.obj
                0x000026ec                I2C1_DriverIRQHandler
 .text.I2C2_DriverIRQHandler
                0x0000270c       0x20 CMakeFiles/new_project.elf.dir/a30e4a380bddc137d657d01a6d030b7e/sdks/trabajo_integrador_sdk/devices/LPC845/drivers/fsl_i2c.c.obj
                0x0000270c                I2C2_DriverIRQHandler
 .text.CLOCK_EnableClock
                0x0000272c       0x54 CMakeFiles/new_project.elf.dir/a30e4a380bddc137d657d01a6d030b7e/sdks/trabajo_integrador_sdk/devices/LPC845/drivers/fsl_adc.c.obj
 .text.RESET_ReleasePeripheralReset
                0x00002780       0x18 CMakeFiles/new_project.elf.dir/a30e4a380bddc137d657d01a6d030b7e/sdks/trabajo_integrador_sdk/devices/LPC845/drivers/fsl_adc.c.obj
 .text.ADC_GetInstance
                0x00002798       0x54 CMakeFiles/new_project.elf.dir/a30e4a380bddc137d657d01a6d030b7e/sdks/trabajo_integrador_sdk/devices/LPC845/drivers/fsl_adc.c.obj
 .text.ADC_Init
                0x000027ec       0xb4 CMakeFiles/new_project.elf.dir/a30e4a380bddc137d657d01a6d030b7e/sdks/trabajo_integrador_sdk/devices/LPC845/drivers/fsl_adc.c.obj
                0x000027ec                ADC_Init
 .text.ADC_GetDefaultConfig
                0x000028a0       0x34 CMakeFiles/new_project.elf.dir/a30e4a380bddc137d657d01a6d030b7e/sdks/trabajo_integrador_sdk/devices/LPC845/drivers/fsl_adc.c.obj
                0x000028a0                ADC_GetDefaultConfig
 .text.ADC_DoSelfCalibration
                0x000028d4       0xc0 CMakeFiles/new_project.elf.dir/a30e4a380bddc137d657d01a6d030b7e/sdks/trabajo_integrador_sdk/devices/LPC845/drivers/fsl_adc.c.obj
                0x000028d4                ADC_DoSelfCalibration
 .text.ADC_SetConvSeqAConfig
                0x00002994       0xa0 CMakeFiles/new_project.elf.dir/a30e4a380bddc137d657d01a6d030b7e/sdks/trabajo_integrador_sdk/devices/LPC845/drivers/fsl_adc.c.obj
                0x00002994                ADC_SetConvSeqAConfig
 .text.ADC_GetChannelConversionResult
                0x00002a34       0xbc CMakeFiles/new_project.elf.dir/a30e4a380bddc137d657d01a6d030b7e/sdks/trabajo_integrador_sdk/devices/LPC845/drivers/fsl_adc.c.obj
                0x00002a34                ADC_GetChannelConversionResult
 .text.CLOCK_EnableClock
                0x00002af0       0x54 CMakeFiles/new_project.elf.dir/a30e4a380bddc137d657d01a6d030b7e/sdks/trabajo_integrador_sdk/devices/LPC845/drivers/fsl_sctimer.c.obj
 .text.SCTIMER_StartTimer
                0x00002b44      0x108 CMakeFiles/new_project.elf.dir/a30e4a380bddc137d657d01a6d030b7e/sdks/trabajo_integrador_sdk/devices/LPC845/drivers/fsl_sctimer.c.obj
 .text.SCTIMER_StopTimer
                0x00002c4c      0x104 CMakeFiles/new_project.elf.dir/a30e4a380bddc137d657d01a6d030b7e/sdks/trabajo_integrador_sdk/devices/LPC845/drivers/fsl_sctimer.c.obj
 .text.SCTIMER_SetupOutputSetAction
                0x00002d50       0x58 CMakeFiles/new_project.elf.dir/a30e4a380bddc137d657d01a6d030b7e/sdks/trabajo_integrador_sdk/devices/LPC845/drivers/fsl_sctimer.c.obj
 .text.SCTIMER_SetupOutputClearAction
                0x00002da8       0x5c CMakeFiles/new_project.elf.dir/a30e4a380bddc137d657d01a6d030b7e/sdks/trabajo_integrador_sdk/devices/LPC845/drivers/fsl_sctimer.c.obj
 .text.SCTIMER_SetupCounterLimitAction
                0x00002e04       0xdc CMakeFiles/new_project.elf.dir/a30e4a380bddc137d657d01a6d030b7e/sdks/trabajo_integrador_sdk/devices/LPC845/drivers/fsl_sctimer.c.obj
 .text.SCTIMER_GetInstance
                0x00002ee0       0x5c CMakeFiles/new_project.elf.dir/a30e4a380bddc137d657d01a6d030b7e/sdks/trabajo_integrador_sdk/devices/LPC845/drivers/fsl_sctimer.c.obj
 .text.SCTIMER_Init
                0x00002f3c      0x154 CMakeFiles/new_project.elf.dir/a30e4a380bddc137d657d01a6d030b7e/sdks/trabajo_integrador_sdk/devices/LPC845/drivers/fsl_sctimer.c.obj
                0x00002f3c                SCTIMER_Init
 .text.SCTIMER_GetDefaultConfig
                0x00003090       0x70 CMakeFiles/new_project.elf.dir/a30e4a380bddc137d657d01a6d030b7e/sdks/trabajo_integrador_sdk/devices/LPC845/drivers/fsl_sctimer.c.obj
                0x00003090                SCTIMER_GetDefaultConfig
 .text.SCTIMER_SetupPwm
                0x00003100      0x304 CMakeFiles/new_project.elf.dir/a30e4a380bddc137d657d01a6d030b7e/sdks/trabajo_integrador_sdk/devices/LPC845/drivers/fsl_sctimer.c.obj
                0x00003100                SCTIMER_SetupPwm
 .text.SCTIMER_UpdatePwmDutycycle
                0x00003404      0x1b8 CMakeFiles/new_project.elf.dir/a30e4a380bddc137d657d01a6d030b7e/sdks/trabajo_integrador_sdk/devices/LPC845/drivers/fsl_sctimer.c.obj
                0x00003404                SCTIMER_UpdatePwmDutycycle
 .text.SCTIMER_CreateAndScheduleEvent
                0x000035bc      0x248 CMakeFiles/new_project.elf.dir/a30e4a380bddc137d657d01a6d030b7e/sdks/trabajo_integrador_sdk/devices/LPC845/drivers/fsl_sctimer.c.obj
                0x000035bc                SCTIMER_CreateAndScheduleEvent
 .text.SCTIMER_EventHandleIRQ
                0x00003804       0x74 CMakeFiles/new_project.elf.dir/a30e4a380bddc137d657d01a6d030b7e/sdks/trabajo_integrador_sdk/devices/LPC845/drivers/fsl_sctimer.c.obj
                0x00003804                SCTIMER_EventHandleIRQ
 .text.SCT0_DriverIRQHandler
                0x00003878       0x1c CMakeFiles/new_project.elf.dir/a30e4a380bddc137d657d01a6d030b7e/sdks/trabajo_integrador_sdk/devices/LPC845/drivers/fsl_sctimer.c.obj
                0x00003878                SCT0_DriverIRQHandler
 .text.__NVIC_EnableIRQ
                0x00003894       0x34 CMakeFiles/new_project.elf.dir/a30e4a380bddc137d657d01a6d030b7e/sdks/trabajo_integrador_sdk/devices/LPC845/drivers/fsl_pint.c.obj
 .text.__NVIC_ClearPendingIRQ
                0x000038c8       0x38 CMakeFiles/new_project.elf.dir/a30e4a380bddc137d657d01a6d030b7e/sdks/trabajo_integrador_sdk/devices/LPC845/drivers/fsl_pint.c.obj
 .text.CLOCK_EnableClock
                0x00003900       0x54 CMakeFiles/new_project.elf.dir/a30e4a380bddc137d657d01a6d030b7e/sdks/trabajo_integrador_sdk/devices/LPC845/drivers/fsl_pint.c.obj
 .text.RESET_ReleasePeripheralReset
                0x00003954       0x18 CMakeFiles/new_project.elf.dir/a30e4a380bddc137d657d01a6d030b7e/sdks/trabajo_integrador_sdk/devices/LPC845/drivers/fsl_pint.c.obj
 .text.EnableIRQ
                0x0000396c       0x36 CMakeFiles/new_project.elf.dir/a30e4a380bddc137d657d01a6d030b7e/sdks/trabajo_integrador_sdk/devices/LPC845/drivers/fsl_pint.c.obj
 .text.PINT_PinInterruptClrFallFlag
                0x000039a2       0x22 CMakeFiles/new_project.elf.dir/a30e4a380bddc137d657d01a6d030b7e/sdks/trabajo_integrador_sdk/devices/LPC845/drivers/fsl_pint.c.obj
 .text.PINT_PinInterruptClrRiseFlag
                0x000039c4       0x22 CMakeFiles/new_project.elf.dir/a30e4a380bddc137d657d01a6d030b7e/sdks/trabajo_integrador_sdk/devices/LPC845/drivers/fsl_pint.c.obj
 *fill*         0x000039e6        0x2 
 .text.PINT_GetInstance
                0x000039e8       0x54 CMakeFiles/new_project.elf.dir/a30e4a380bddc137d657d01a6d030b7e/sdks/trabajo_integrador_sdk/devices/LPC845/drivers/fsl_pint.c.obj
 .text.PINT_Init
                0x00003a3c       0xb8 CMakeFiles/new_project.elf.dir/a30e4a380bddc137d657d01a6d030b7e/sdks/trabajo_integrador_sdk/devices/LPC845/drivers/fsl_pint.c.obj
                0x00003a3c                PINT_Init
 .text.PINT_PinInterruptConfig
                0x00003af4      0x10c CMakeFiles/new_project.elf.dir/a30e4a380bddc137d657d01a6d030b7e/sdks/trabajo_integrador_sdk/devices/LPC845/drivers/fsl_pint.c.obj
                0x00003af4                PINT_PinInterruptConfig
 .text.PINT_PatternMatchResetDetectLogic
                0x00003c00       0x30 CMakeFiles/new_project.elf.dir/a30e4a380bddc137d657d01a6d030b7e/sdks/trabajo_integrador_sdk/devices/LPC845/drivers/fsl_pint.c.obj
                0x00003c00                PINT_PatternMatchResetDetectLogic
 .text.PINT_PinInterruptClrStatus
                0x00003c30       0x52 CMakeFiles/new_project.elf.dir/a30e4a380bddc137d657d01a6d030b7e/sdks/trabajo_integrador_sdk/devices/LPC845/drivers/fsl_pint.c.obj
                0x00003c30                PINT_PinInterruptClrStatus
 *fill*         0x00003c82        0x2 
 .text.PINT_EnableCallbackByIndex
                0x00003c84       0x68 CMakeFiles/new_project.elf.dir/a30e4a380bddc137d657d01a6d030b7e/sdks/trabajo_integrador_sdk/devices/LPC845/drivers/fsl_pint.c.obj
                0x00003c84                PINT_EnableCallbackByIndex
 .text.PIN_INT0_DriverIRQHandler
                0x00003cec       0x4c CMakeFiles/new_project.elf.dir/a30e4a380bddc137d657d01a6d030b7e/sdks/trabajo_integrador_sdk/devices/LPC845/drivers/fsl_pint.c.obj
                0x00003cec                PIN_INT0_DriverIRQHandler
 .text.PIN_INT1_DriverIRQHandler
                0x00003d38       0x4c CMakeFiles/new_project.elf.dir/a30e4a380bddc137d657d01a6d030b7e/sdks/trabajo_integrador_sdk/devices/LPC845/drivers/fsl_pint.c.obj
                0x00003d38                PIN_INT1_DriverIRQHandler
 .text.PIN_INT2_DriverIRQHandler
                0x00003d84       0x4c CMakeFiles/new_project.elf.dir/a30e4a380bddc137d657d01a6d030b7e/sdks/trabajo_integrador_sdk/devices/LPC845/drivers/fsl_pint.c.obj
                0x00003d84                PIN_INT2_DriverIRQHandler
 .text.PIN_INT3_DriverIRQHandler
                0x00003dd0       0x4c CMakeFiles/new_project.elf.dir/a30e4a380bddc137d657d01a6d030b7e/sdks/trabajo_integrador_sdk/devices/LPC845/drivers/fsl_pint.c.obj
                0x00003dd0                PIN_INT3_DriverIRQHandler
 .text.PIN_INT4_DriverIRQHandler
                0x00003e1c       0x4c CMakeFiles/new_project.elf.dir/a30e4a380bddc137d657d01a6d030b7e/sdks/trabajo_integrador_sdk/devices/LPC845/drivers/fsl_pint.c.obj
                0x00003e1c                PIN_INT4_DriverIRQHandler
 .text.PIN_INT5_DAC1_IRQHandler
                0x00003e68       0x4c CMakeFiles/new_project.elf.dir/a30e4a380bddc137d657d01a6d030b7e/sdks/trabajo_integrador_sdk/devices/LPC845/drivers/fsl_pint.c.obj
                0x00003e68                PIN_INT5_DAC1_IRQHandler
 .text.PIN_INT6_USART3_IRQHandler
                0x00003eb4       0x4c CMakeFiles/new_project.elf.dir/a30e4a380bddc137d657d01a6d030b7e/sdks/trabajo_integrador_sdk/devices/LPC845/drivers/fsl_pint.c.obj
                0x00003eb4                PIN_INT6_USART3_IRQHandler
 .text.PIN_INT7_USART4_IRQHandler
                0x00003f00       0x4c CMakeFiles/new_project.elf.dir/a30e4a380bddc137d657d01a6d030b7e/sdks/trabajo_integrador_sdk/devices/LPC845/drivers/fsl_pint.c.obj
                0x00003f00                PIN_INT7_USART4_IRQHandler
 .text.CLOCK_EnableClock
                0x00003f4c       0x54 CMakeFiles/new_project.elf.dir/a30e4a380bddc137d657d01a6d030b7e/sdks/trabajo_integrador_sdk/devices/LPC845/drivers/fsl_gpio.c.obj
 .text.GPIO_EnablePortClock
                0x00003fa0       0x44 CMakeFiles/new_project.elf.dir/a30e4a380bddc137d657d01a6d030b7e/sdks/trabajo_integrador_sdk/devices/LPC845/drivers/fsl_gpio.c.obj
 .text.GPIO_PortInit
                0x00003fe4       0x30 CMakeFiles/new_project.elf.dir/a30e4a380bddc137d657d01a6d030b7e/sdks/trabajo_integrador_sdk/devices/LPC845/drivers/fsl_gpio.c.obj
                0x00003fe4                GPIO_PortInit
 .text.GPIO_PinInit
                0x00004014       0xc0 CMakeFiles/new_project.elf.dir/a30e4a380bddc137d657d01a6d030b7e/sdks/trabajo_integrador_sdk/devices/LPC845/drivers/fsl_gpio.c.obj
                0x00004014                GPIO_PinInit
 .text.HAL_UartGetStatus
                0x000040d4       0x20 CMakeFiles/new_project.elf.dir/be9e862433bf5041efa857a9c90e8240/trabajo_integrador_sdk/components/uart/fsl_adapter_miniusart.c.obj
 .text.HAL_UartInit
                0x000040f4      0x134 CMakeFiles/new_project.elf.dir/be9e862433bf5041efa857a9c90e8240/trabajo_integrador_sdk/components/uart/fsl_adapter_miniusart.c.obj
                0x000040f4                HAL_UartInit
 .text.HAL_UartReceiveBlocking
                0x00004228       0x90 CMakeFiles/new_project.elf.dir/be9e862433bf5041efa857a9c90e8240/trabajo_integrador_sdk/components/uart/fsl_adapter_miniusart.c.obj
                0x00004228                HAL_UartReceiveBlocking
 .text.HAL_UartSendBlocking
                0x000042b8       0x84 CMakeFiles/new_project.elf.dir/be9e862433bf5041efa857a9c90e8240/trabajo_integrador_sdk/components/uart/fsl_adapter_miniusart.c.obj
                0x000042b8                HAL_UartSendBlocking
 .text.SystemInit
                0x0000433c       0x2c CMakeFiles/new_project.elf.dir/a30e4a380bddc137d657d01a6d030b7e/sdks/trabajo_integrador_sdk/devices/LPC845/system_LPC845.c.obj
                0x0000433c                SystemInit
 .text.SystemInitHook
                0x00004368        0xa CMakeFiles/new_project.elf.dir/a30e4a380bddc137d657d01a6d030b7e/sdks/trabajo_integrador_sdk/devices/LPC845/system_LPC845.c.obj
                0x00004368                SystemInitHook
 *fill*         0x00004372        0x2 
 .text.CLOCK_GetCoreSysClkFreq
                0x00004374       0x24 CMakeFiles/new_project.elf.dir/a30e4a380bddc137d657d01a6d030b7e/sdks/trabajo_integrador_sdk/devices/LPC845/drivers/fsl_clock.c.obj
 .text.CLOCK_GetSystemPLLFreq
                0x00004398       0x20 CMakeFiles/new_project.elf.dir/a30e4a380bddc137d657d01a6d030b7e/sdks/trabajo_integrador_sdk/devices/LPC845/drivers/fsl_clock.c.obj
 .text.CLOCK_GetWdtOscFreq
                0x000043b8       0x14 CMakeFiles/new_project.elf.dir/a30e4a380bddc137d657d01a6d030b7e/sdks/trabajo_integrador_sdk/devices/LPC845/drivers/fsl_clock.c.obj
 .text.CLOCK_GetExtClkFreq
                0x000043cc       0x14 CMakeFiles/new_project.elf.dir/a30e4a380bddc137d657d01a6d030b7e/sdks/trabajo_integrador_sdk/devices/LPC845/drivers/fsl_clock.c.obj
 .text.CLOCK_GetFRGInputClkFreq
                0x000043e0       0x3e CMakeFiles/new_project.elf.dir/a30e4a380bddc137d657d01a6d030b7e/sdks/trabajo_integrador_sdk/devices/LPC845/drivers/fsl_clock.c.obj
 *fill*         0x0000441e        0x2 
 .text.CLOCK_UpdateClkSrc
                0x00004420       0x58 CMakeFiles/new_project.elf.dir/a30e4a380bddc137d657d01a6d030b7e/sdks/trabajo_integrador_sdk/devices/LPC845/drivers/fsl_clock.c.obj
 .text.CLOCK_GetFRG0ClkFreq
                0x00004478       0x64 CMakeFiles/new_project.elf.dir/a30e4a380bddc137d657d01a6d030b7e/sdks/trabajo_integrador_sdk/devices/LPC845/drivers/fsl_clock.c.obj
                0x00004478                CLOCK_GetFRG0ClkFreq
 .text.CLOCK_GetFRG1ClkFreq
                0x000044dc       0x64 CMakeFiles/new_project.elf.dir/a30e4a380bddc137d657d01a6d030b7e/sdks/trabajo_integrador_sdk/devices/LPC845/drivers/fsl_clock.c.obj
                0x000044dc                CLOCK_GetFRG1ClkFreq
 .text.CLOCK_GetMainClkFreq
                0x00004540       0x78 CMakeFiles/new_project.elf.dir/a30e4a380bddc137d657d01a6d030b7e/sdks/trabajo_integrador_sdk/devices/LPC845/drivers/fsl_clock.c.obj
                0x00004540                CLOCK_GetMainClkFreq
 .text.CLOCK_GetFroFreq
                0x000045b8       0x78 CMakeFiles/new_project.elf.dir/a30e4a380bddc137d657d01a6d030b7e/sdks/trabajo_integrador_sdk/devices/LPC845/drivers/fsl_clock.c.obj
                0x000045b8                CLOCK_GetFroFreq
 .text.CLOCK_GetFreq
                0x00004630       0x90 CMakeFiles/new_project.elf.dir/a30e4a380bddc137d657d01a6d030b7e/sdks/trabajo_integrador_sdk/devices/LPC845/drivers/fsl_clock.c.obj
                0x00004630                CLOCK_GetFreq
 .text.CLOCK_GetSystemPLLInClockRate
                0x000046c0       0x64 CMakeFiles/new_project.elf.dir/a30e4a380bddc137d657d01a6d030b7e/sdks/trabajo_integrador_sdk/devices/LPC845/drivers/fsl_clock.c.obj
                0x000046c0                CLOCK_GetSystemPLLInClockRate
 .text.CLOCK_SetMainClkSrc
                0x00004724       0x9c CMakeFiles/new_project.elf.dir/a30e4a380bddc137d657d01a6d030b7e/sdks/trabajo_integrador_sdk/devices/LPC845/drivers/fsl_clock.c.obj
                0x00004724                CLOCK_SetMainClkSrc
 .text.CLOCK_SetFroOutClkSrc
                0x000047c0       0x48 CMakeFiles/new_project.elf.dir/a30e4a380bddc137d657d01a6d030b7e/sdks/trabajo_integrador_sdk/devices/LPC845/drivers/fsl_clock.c.obj
                0x000047c0                CLOCK_SetFroOutClkSrc
 .text.DelayLoop
                0x00004808       0x1a CMakeFiles/new_project.elf.dir/be9e862433bf5041efa857a9c90e8240/trabajo_integrador_sdk/devices/LPC845/drivers/fsl_common_arm.c.obj
 *fill*         0x00004822        0x2 
 .text.SDK_DelayAtLeastUs
                0x00004824       0x84 CMakeFiles/new_project.elf.dir/be9e862433bf5041efa857a9c90e8240/trabajo_integrador_sdk/devices/LPC845/drivers/fsl_common_arm.c.obj
                0x00004824                SDK_DelayAtLeastUs
 .text.CLOCK_EnableClock
                0x000048a8       0x54 CMakeFiles/new_project.elf.dir/a30e4a380bddc137d657d01a6d030b7e/sdks/trabajo_integrador_sdk/devices/LPC845/drivers/fsl_usart.c.obj
 .text.USART_EnableContinuousSCLK
                0x000048fc       0x40 CMakeFiles/new_project.elf.dir/a30e4a380bddc137d657d01a6d030b7e/sdks/trabajo_integrador_sdk/devices/LPC845/drivers/fsl_usart.c.obj
 .text.USART_EnableTx
                0x0000493c       0x46 CMakeFiles/new_project.elf.dir/a30e4a380bddc137d657d01a6d030b7e/sdks/trabajo_integrador_sdk/devices/LPC845/drivers/fsl_usart.c.obj
 .text.USART_EnableRx
                0x00004982       0x44 CMakeFiles/new_project.elf.dir/a30e4a380bddc137d657d01a6d030b7e/sdks/trabajo_integrador_sdk/devices/LPC845/drivers/fsl_usart.c.obj
 *fill*         0x000049c6        0x2 
 .text.USART_GetInstance
                0x000049c8       0x58 CMakeFiles/new_project.elf.dir/a30e4a380bddc137d657d01a6d030b7e/sdks/trabajo_integrador_sdk/devices/LPC845/drivers/fsl_usart.c.obj
                0x000049c8                USART_GetInstance
 .text.USART_Init
                0x00004a20      0x138 CMakeFiles/new_project.elf.dir/a30e4a380bddc137d657d01a6d030b7e/sdks/trabajo_integrador_sdk/devices/LPC845/drivers/fsl_usart.c.obj
                0x00004a20                USART_Init
 .text.USART_GetDefaultConfig
                0x00004b58       0x80 CMakeFiles/new_project.elf.dir/a30e4a380bddc137d657d01a6d030b7e/sdks/trabajo_integrador_sdk/devices/LPC845/drivers/fsl_usart.c.obj
                0x00004b58                USART_GetDefaultConfig
 .text.USART_SetBaudRate
                0x00004bd8      0x15c CMakeFiles/new_project.elf.dir/a30e4a380bddc137d657d01a6d030b7e/sdks/trabajo_integrador_sdk/devices/LPC845/drivers/fsl_usart.c.obj
                0x00004bd8                USART_SetBaudRate
 .text.USART_WriteBlocking
                0x00004d34       0x70 CMakeFiles/new_project.elf.dir/a30e4a380bddc137d657d01a6d030b7e/sdks/trabajo_integrador_sdk/devices/LPC845/drivers/fsl_usart.c.obj
                0x00004d34                USART_WriteBlocking
 .text.USART_ReadBlocking
                0x00004da4       0xd0 CMakeFiles/new_project.elf.dir/a30e4a380bddc137d657d01a6d030b7e/sdks/trabajo_integrador_sdk/devices/LPC845/drivers/fsl_usart.c.obj
                0x00004da4                USART_ReadBlocking
 .text.USART0_DriverIRQHandler
                0x00004e74       0x24 CMakeFiles/new_project.elf.dir/a30e4a380bddc137d657d01a6d030b7e/sdks/trabajo_integrador_sdk/devices/LPC845/drivers/fsl_usart.c.obj
                0x00004e74                USART0_DriverIRQHandler
 .text.USART1_DriverIRQHandler
                0x00004e98       0x24 CMakeFiles/new_project.elf.dir/a30e4a380bddc137d657d01a6d030b7e/sdks/trabajo_integrador_sdk/devices/LPC845/drivers/fsl_usart.c.obj
                0x00004e98                USART1_DriverIRQHandler
 .text.USART2_DriverIRQHandler
                0x00004ebc       0x24 CMakeFiles/new_project.elf.dir/a30e4a380bddc137d657d01a6d030b7e/sdks/trabajo_integrador_sdk/devices/LPC845/drivers/fsl_usart.c.obj
                0x00004ebc                USART2_DriverIRQHandler
 .text.PIN_INT6_USART3_DriverIRQHandler
                0x00004ee0       0x24 CMakeFiles/new_project.elf.dir/a30e4a380bddc137d657d01a6d030b7e/sdks/trabajo_integrador_sdk/devices/LPC845/drivers/fsl_usart.c.obj
                0x00004ee0                PIN_INT6_USART3_DriverIRQHandler
 .text.PIN_INT7_USART4_DriverIRQHandler
                0x00004f04       0x24 CMakeFiles/new_project.elf.dir/a30e4a380bddc137d657d01a6d030b7e/sdks/trabajo_integrador_sdk/devices/LPC845/drivers/fsl_usart.c.obj
                0x00004f04                PIN_INT7_USART4_DriverIRQHandler
 .text.RESET_SetPeripheralReset
                0x00004f28       0x7c CMakeFiles/new_project.elf.dir/a30e4a380bddc137d657d01a6d030b7e/sdks/trabajo_integrador_sdk/devices/LPC845/drivers/fsl_reset.c.obj
                0x00004f28                RESET_SetPeripheralReset
 .text.RESET_ClearPeripheralReset
                0x00004fa4       0x78 CMakeFiles/new_project.elf.dir/a30e4a380bddc137d657d01a6d030b7e/sdks/trabajo_integrador_sdk/devices/LPC845/drivers/fsl_reset.c.obj
                0x00004fa4                RESET_ClearPeripheralReset
 .text.RESET_PeripheralReset
                0x0000501c       0x20 CMakeFiles/new_project.elf.dir/a30e4a380bddc137d657d01a6d030b7e/sdks/trabajo_integrador_sdk/devices/LPC845/drivers/fsl_reset.c.obj
                0x0000501c                RESET_PeripheralReset
 .text.SWM_SetMovablePinSelect
                0x0000503c       0xa8 CMakeFiles/new_project.elf.dir/a30e4a380bddc137d657d01a6d030b7e/sdks/trabajo_integrador_sdk/devices/LPC845/drivers/fsl_swm.c.obj
                0x0000503c                SWM_SetMovablePinSelect
 .text.SWM_SetFixedPinSelect
                0x000050e4       0xac CMakeFiles/new_project.elf.dir/a30e4a380bddc137d657d01a6d030b7e/sdks/trabajo_integrador_sdk/devices/LPC845/drivers/fsl_swm.c.obj
                0x000050e4                SWM_SetFixedPinSelect
 .text.fsl_assert_hook
                0x00005190       0x16 CMakeFiles/new_project.elf.dir/b7561fe964618e7d963c3704882cbf36/devices/LPC845/utilities/debug_console_lite/fsl_assert.c.obj
                0x00005190                fsl_assert_hook
 *fill*         0x000051a6        0x2 
 .text.__assert_func
                0x000051a8       0x34 CMakeFiles/new_project.elf.dir/b7561fe964618e7d963c3704882cbf36/devices/LPC845/utilities/debug_console_lite/fsl_assert.c.obj
                0x000051a8                __assert_func
 .text.DbgConsole_Init
                0x000051dc       0xa8 CMakeFiles/new_project.elf.dir/b7561fe964618e7d963c3704882cbf36/devices/LPC845/utilities/debug_console_lite/fsl_debug_console.c.obj
                0x000051dc                DbgConsole_Init
 .text.DbgConsole_Printf
                0x00005284       0x32 CMakeFiles/new_project.elf.dir/b7561fe964618e7d963c3704882cbf36/devices/LPC845/utilities/debug_console_lite/fsl_debug_console.c.obj
                0x00005284                DbgConsole_Printf
 *fill*         0x000052b6        0x2 
 .text.DbgConsole_Vprintf
                0x000052b8       0x40 CMakeFiles/new_project.elf.dir/b7561fe964618e7d963c3704882cbf36/devices/LPC845/utilities/debug_console_lite/fsl_debug_console.c.obj
                0x000052b8                DbgConsole_Vprintf
 .text.DbgConsole_Putchar
                0x000052f8       0x30 CMakeFiles/new_project.elf.dir/b7561fe964618e7d963c3704882cbf36/devices/LPC845/utilities/debug_console_lite/fsl_debug_console.c.obj
                0x000052f8                DbgConsole_Putchar
 .text.DbgConsole_PrintfPaddingCharacter
                0x00005328       0x48 CMakeFiles/new_project.elf.dir/b7561fe964618e7d963c3704882cbf36/devices/LPC845/utilities/debug_console_lite/fsl_debug_console.c.obj
 .text.DbgConsole_ConvertRadixNumToString
                0x00005370       0xc2 CMakeFiles/new_project.elf.dir/b7561fe964618e7d963c3704882cbf36/devices/LPC845/utilities/debug_console_lite/fsl_debug_console.c.obj
 .text.DbgConsole_PrintfFormattedData
                0x00005432      0x3da CMakeFiles/new_project.elf.dir/b7561fe964618e7d963c3704882cbf36/devices/LPC845/utilities/debug_console_lite/fsl_debug_console.c.obj
 .text.__muldi3
                0x0000580c       0x5c C:/Users/ferna/.mcuxpressotools/arm-gnu-toolchain-13.2.Rel1-mingw-w64-i686-arm-none-eabi/bin/../lib/gcc/arm-none-eabi/13.2.1/thumb/v6-m/nofp\libgcc.a(_muldi3.o)
                0x0000580c                __muldi3
                0x0000580c                __aeabi_lmul
 .text.__fixunssfsi
                0x00005868       0x30 C:/Users/ferna/.mcuxpressotools/arm-gnu-toolchain-13.2.Rel1-mingw-w64-i686-arm-none-eabi/bin/../lib/gcc/arm-none-eabi/13.2.1/thumb/v6-m/nofp\libgcc.a(_fixunssfsi.o)
                0x00005868                __fixunssfsi
                0x00005868                __aeabi_f2uiz
 .text.__udivmoddi4
                0x00005898      0x198 C:/Users/ferna/.mcuxpressotools/arm-gnu-toolchain-13.2.Rel1-mingw-w64-i686-arm-none-eabi/bin/../lib/gcc/arm-none-eabi/13.2.1/thumb/v6-m/nofp\libgcc.a(_udivmoddi4.o)
                0x00005898                __udivmoddi4
 .text.__aeabi_fadd
                0x00005a30      0x340 C:/Users/ferna/.mcuxpressotools/arm-gnu-toolchain-13.2.Rel1-mingw-w64-i686-arm-none-eabi/bin/../lib/gcc/arm-none-eabi/13.2.1/thumb/v6-m/nofp\libgcc.a(addsf3.o)
                0x00005a30                __aeabi_fadd
 .text.__aeabi_fdiv
                0x00005d70      0x224 C:/Users/ferna/.mcuxpressotools/arm-gnu-toolchain-13.2.Rel1-mingw-w64-i686-arm-none-eabi/bin/../lib/gcc/arm-none-eabi/13.2.1/thumb/v6-m/nofp\libgcc.a(divsf3.o)
                0x00005d70                __aeabi_fdiv
 .text.__eqsf2  0x00005f94       0x50 C:/Users/ferna/.mcuxpressotools/arm-gnu-toolchain-13.2.Rel1-mingw-w64-i686-arm-none-eabi/bin/../lib/gcc/arm-none-eabi/13.2.1/thumb/v6-m/nofp\libgcc.a(eqsf2.o)
                0x00005f94                __eqsf2
                0x00005f94                __nesf2
 .text.__gesf2  0x00005fe4       0x94 C:/Users/ferna/.mcuxpressotools/arm-gnu-toolchain-13.2.Rel1-mingw-w64-i686-arm-none-eabi/bin/../lib/gcc/arm-none-eabi/13.2.1/thumb/v6-m/nofp\libgcc.a(gesf2.o)
                0x00005fe4                __gesf2
                0x00005fe4                __gtsf2
 .text.__lesf2  0x00006078       0x90 C:/Users/ferna/.mcuxpressotools/arm-gnu-toolchain-13.2.Rel1-mingw-w64-i686-arm-none-eabi/bin/../lib/gcc/arm-none-eabi/13.2.1/thumb/v6-m/nofp\libgcc.a(lesf2.o)
                0x00006078                __ltsf2
                0x00006078                __lesf2
 .text.__aeabi_fmul
                0x00006108      0x280 C:/Users/ferna/.mcuxpressotools/arm-gnu-toolchain-13.2.Rel1-mingw-w64-i686-arm-none-eabi/bin/../lib/gcc/arm-none-eabi/13.2.1/thumb/v6-m/nofp\libgcc.a(mulsf3.o)
                0x00006108                __aeabi_fmul
 .text.__aeabi_fsub
                0x00006388      0x38c C:/Users/ferna/.mcuxpressotools/arm-gnu-toolchain-13.2.Rel1-mingw-w64-i686-arm-none-eabi/bin/../lib/gcc/arm-none-eabi/13.2.1/thumb/v6-m/nofp\libgcc.a(subsf3.o)
                0x00006388                __aeabi_fsub
 .text.__aeabi_f2iz
                0x00006714       0x40 C:/Users/ferna/.mcuxpressotools/arm-gnu-toolchain-13.2.Rel1-mingw-w64-i686-arm-none-eabi/bin/../lib/gcc/arm-none-eabi/13.2.1/thumb/v6-m/nofp\libgcc.a(fixsfsi.o)
                0x00006714                __aeabi_f2iz
 .text.__aeabi_i2f
                0x00006754       0x94 C:/Users/ferna/.mcuxpressotools/arm-gnu-toolchain-13.2.Rel1-mingw-w64-i686-arm-none-eabi/bin/../lib/gcc/arm-none-eabi/13.2.1/thumb/v6-m/nofp\libgcc.a(floatsisf.o)
                0x00006754                __aeabi_i2f
 .text.__aeabi_ddiv
                0x000067e8      0x604 C:/Users/ferna/.mcuxpressotools/arm-gnu-toolchain-13.2.Rel1-mingw-w64-i686-arm-none-eabi/bin/../lib/gcc/arm-none-eabi/13.2.1/thumb/v6-m/nofp\libgcc.a(divdf3.o)
                0x000067e8                __aeabi_ddiv
 .text.__aeabi_i2d
                0x00006dec       0x5c C:/Users/ferna/.mcuxpressotools/arm-gnu-toolchain-13.2.Rel1-mingw-w64-i686-arm-none-eabi/bin/../lib/gcc/arm-none-eabi/13.2.1/thumb/v6-m/nofp\libgcc.a(floatsidf.o)
                0x00006dec                __aeabi_i2d
 .text.__aeabi_f2d
                0x00006e48       0x90 C:/Users/ferna/.mcuxpressotools/arm-gnu-toolchain-13.2.Rel1-mingw-w64-i686-arm-none-eabi/bin/../lib/gcc/arm-none-eabi/13.2.1/thumb/v6-m/nofp\libgcc.a(extendsfdf2.o)
                0x00006e48                __aeabi_f2d
 .text.__aeabi_d2f
                0x00006ed8      0x10c C:/Users/ferna/.mcuxpressotools/arm-gnu-toolchain-13.2.Rel1-mingw-w64-i686-arm-none-eabi/bin/../lib/gcc/arm-none-eabi/13.2.1/thumb/v6-m/nofp\libgcc.a(truncdfsf2.o)
                0x00006ed8                __aeabi_d2f
 .text.exit     0x00006fe4       0x28 C:/Users/ferna/.mcuxpressotools/arm-gnu-toolchain-13.2.Rel1-mingw-w64-i686-arm-none-eabi/bin/../lib/gcc/arm-none-eabi/13.2.1/thumb/v6-m/nofp\libc_nano.a(libc_a-exit.o)
                0x00006fe4                exit
 .text.memset   0x0000700c       0x10 C:/Users/ferna/.mcuxpressotools/arm-gnu-toolchain-13.2.Rel1-mingw-w64-i686-arm-none-eabi/bin/../lib/gcc/arm-none-eabi/13.2.1/thumb/v6-m/nofp\libc_nano.a(libc_a-memset.o)
                0x0000700c                memset
 .text.__libc_init_array
                0x0000701c       0x48 C:/Users/ferna/.mcuxpressotools/arm-gnu-toolchain-13.2.Rel1-mingw-w64-i686-arm-none-eabi/bin/../lib/gcc/arm-none-eabi/13.2.1/thumb/v6-m/nofp\libc_nano.a(libc_a-init.o)
                0x0000701c                __libc_init_array
 .text.memcpy   0x00007064       0x12 C:/Users/ferna/.mcuxpressotools/arm-gnu-toolchain-13.2.Rel1-mingw-w64-i686-arm-none-eabi/bin/../lib/gcc/arm-none-eabi/13.2.1/thumb/v6-m/nofp\libc_nano.a(libc_a-memcpy-stub.o)
                0x00007064                memcpy
 .text._exit    0x00007076        0x2 C:/Users/ferna/.mcuxpressotools/arm-gnu-toolchain-13.2.Rel1-mingw-w64-i686-arm-none-eabi/bin/../lib/gcc/arm-none-eabi/13.2.1/../../../../arm-none-eabi/lib/thumb/v6-m/nofp\libcr_newlib_nohost.a(_exit.o)
                0x00007076                _exit
 .text.xQueueGenericReset
                0x00007078      0x116 freertos/libfreertos.a(queue.c.obj)
                0x00007078                xQueueGenericReset
 .text.xQueueGenericCreate
                0x0000718e       0xbe freertos/libfreertos.a(queue.c.obj)
                0x0000718e                xQueueGenericCreate
 .text.prvInitialiseNewQueue
                0x0000724c       0x4e freertos/libfreertos.a(queue.c.obj)
 .text.xQueueGenericSend
                0x0000729a      0x172 freertos/libfreertos.a(queue.c.obj)
                0x0000729a                xQueueGenericSend
 .text.xQueueGenericSendFromISR
                0x0000740c      0x114 freertos/libfreertos.a(queue.c.obj)
                0x0000740c                xQueueGenericSendFromISR
 .text.xQueueGiveFromISR
                0x00007520       0xf6 freertos/libfreertos.a(queue.c.obj)
                0x00007520                xQueueGiveFromISR
 .text.xQueueSemaphoreTake
                0x00007616      0x192 freertos/libfreertos.a(queue.c.obj)
                0x00007616                xQueueSemaphoreTake
 .text.xQueuePeek
                0x000077a8      0x156 freertos/libfreertos.a(queue.c.obj)
                0x000077a8                xQueuePeek
 .text.prvGetDisinheritPriorityAfterTimeout
                0x000078fe       0x2c freertos/libfreertos.a(queue.c.obj)
 .text.prvCopyDataToQueue
                0x0000792a       0xd6 freertos/libfreertos.a(queue.c.obj)
 .text.prvCopyDataFromQueue
                0x00007a00       0x4c freertos/libfreertos.a(queue.c.obj)
 .text.prvUnlockQueue
                0x00007a4c       0xbc freertos/libfreertos.a(queue.c.obj)
 .text.prvIsQueueEmpty
                0x00007b08       0x2c freertos/libfreertos.a(queue.c.obj)
 .text.prvIsQueueFull
                0x00007b34       0x30 freertos/libfreertos.a(queue.c.obj)
 .text.prvCreateTask
                0x00007b64       0x82 freertos/libfreertos.a(tasks.c.obj)
 .text.xTaskCreate
                0x00007be6       0x4c freertos/libfreertos.a(tasks.c.obj)
                0x00007be6                xTaskCreate
 *fill*         0x00007c32        0x2 
 .text.prvInitialiseNewTask
                0x00007c34      0x108 freertos/libfreertos.a(tasks.c.obj)
 .text.prvAddNewTaskToReadyList
                0x00007d3c      0x120 freertos/libfreertos.a(tasks.c.obj)
 .text.vTaskDelete
                0x00007e5c       0xec freertos/libfreertos.a(tasks.c.obj)
                0x00007e5c                vTaskDelete
 .text.vTaskDelay
                0x00007f48       0x4c freertos/libfreertos.a(tasks.c.obj)
                0x00007f48                vTaskDelay
 .text.prvCreateIdleTasks
                0x00007f94       0x98 freertos/libfreertos.a(tasks.c.obj)
 .text.vTaskStartScheduler
                0x0000802c       0x58 freertos/libfreertos.a(tasks.c.obj)
                0x0000802c                vTaskStartScheduler
 .text.vTaskSuspendAll
                0x00008084       0x18 freertos/libfreertos.a(tasks.c.obj)
                0x00008084                vTaskSuspendAll
 .text.prvGetExpectedIdleTime
                0x0000809c       0x70 freertos/libfreertos.a(tasks.c.obj)
 .text.xTaskResumeAll
                0x0000810c      0x1ec freertos/libfreertos.a(tasks.c.obj)
                0x0000810c                xTaskResumeAll
 .text.xTaskGetTickCount
                0x000082f8       0x1c freertos/libfreertos.a(tasks.c.obj)
                0x000082f8                xTaskGetTickCount
 .text.uxTaskGetNumberOfTasks
                0x00008314       0x14 freertos/libfreertos.a(tasks.c.obj)
                0x00008314                uxTaskGetNumberOfTasks
 .text.vTaskStepTick
                0x00008328       0x84 freertos/libfreertos.a(tasks.c.obj)
                0x00008328                vTaskStepTick
 .text.xTaskIncrementTick
                0x000083ac      0x21c freertos/libfreertos.a(tasks.c.obj)
                0x000083ac                xTaskIncrementTick
 .text.vTaskSwitchContext
                0x000085c8       0xa8 freertos/libfreertos.a(tasks.c.obj)
                0x000085c8                vTaskSwitchContext
 .text.vTaskPlaceOnEventList
                0x00008670       0x40 freertos/libfreertos.a(tasks.c.obj)
                0x00008670                vTaskPlaceOnEventList
 .text.xTaskRemoveFromEventList
                0x000086b0      0x1a0 freertos/libfreertos.a(tasks.c.obj)
                0x000086b0                xTaskRemoveFromEventList
 .text.vTaskInternalSetTimeOutState
                0x00008850       0x28 freertos/libfreertos.a(tasks.c.obj)
                0x00008850                vTaskInternalSetTimeOutState
 .text.xTaskCheckForTimeOut
                0x00008878       0xac freertos/libfreertos.a(tasks.c.obj)
                0x00008878                xTaskCheckForTimeOut
 .text.vTaskMissedYield
                0x00008924       0x14 freertos/libfreertos.a(tasks.c.obj)
                0x00008924                vTaskMissedYield
 .text.prvIdleTask
                0x00008938       0x64 freertos/libfreertos.a(tasks.c.obj)
 .text.eTaskConfirmSleepModeStatus
                0x0000899c       0x78 freertos/libfreertos.a(tasks.c.obj)
                0x0000899c                eTaskConfirmSleepModeStatus
 .text.prvInitialiseTaskLists
                0x00008a14       0x88 freertos/libfreertos.a(tasks.c.obj)
 .text.prvCheckTasksWaitingTermination
                0x00008a9c       0x5c freertos/libfreertos.a(tasks.c.obj)
 .text.prvDeleteTCB
                0x00008af8       0x22 freertos/libfreertos.a(tasks.c.obj)
 *fill*         0x00008b1a        0x2 
 .text.prvResetNextTaskUnblockTime
                0x00008b1c       0x34 freertos/libfreertos.a(tasks.c.obj)
 .text.xTaskPriorityInherit
                0x00008b50      0x124 freertos/libfreertos.a(tasks.c.obj)
                0x00008b50                xTaskPriorityInherit
 .text.xTaskPriorityDisinherit
                0x00008c74      0x10c freertos/libfreertos.a(tasks.c.obj)
                0x00008c74                xTaskPriorityDisinherit
 .text.vTaskPriorityDisinheritAfterTimeout
                0x00008d80      0x134 freertos/libfreertos.a(tasks.c.obj)
                0x00008d80                vTaskPriorityDisinheritAfterTimeout
 .text.pvTaskIncrementMutexHeldCount
                0x00008eb4       0x2c freertos/libfreertos.a(tasks.c.obj)
                0x00008eb4                pvTaskIncrementMutexHeldCount
 .text.prvAddCurrentTaskToDelayedList
                0x00008ee0       0xe4 freertos/libfreertos.a(tasks.c.obj)
 .text.pvPortMalloc
                0x00008fc4      0x140 freertos/libfreertos.a(heap_2.c.obj)
                0x00008fc4                pvPortMalloc
 .text.vPortFree
                0x00009104       0xac freertos/libfreertos.a(heap_2.c.obj)
                0x00009104                vPortFree
 .text.prvHeapInit
                0x000091b0       0x50 freertos/libfreertos.a(heap_2.c.obj)
 .text.pxPortInitialiseStack
                0x00009200       0x54 freertos/libfreertos.a(port.c.obj)
                0x00009200                pxPortInitialiseStack
 .text.prvTaskExitError
                0x00009254       0x30 freertos/libfreertos.a(port.c.obj)
 .text.SVC_Handler
                0x00009284        0xa freertos/libfreertos.a(port.c.obj)
                0x00009284                SVC_Handler
 *fill*         0x0000928e        0x2 
 .text.vPortStartFirstTask
                0x00009290       0x38 freertos/libfreertos.a(port.c.obj)
 .text.xPortStartScheduler
                0x000092c8       0x48 freertos/libfreertos.a(port.c.obj)
                0x000092c8                xPortStartScheduler
 .text.vPortYield
                0x00009310       0x20 freertos/libfreertos.a(port.c.obj)
                0x00009310                vPortYield
 .text.vPortEnterCritical
                0x00009330       0x24 freertos/libfreertos.a(port.c.obj)
                0x00009330                vPortEnterCritical
 .text.vPortExitCritical
                0x00009354       0x30 freertos/libfreertos.a(port.c.obj)
                0x00009354                vPortExitCritical
 .text.ulSetInterruptMaskFromISR
                0x00009384        0xc freertos/libfreertos.a(port.c.obj)
                0x00009384                ulSetInterruptMaskFromISR
 .text.vClearInterruptMaskFromISR
                0x00009390        0x8 freertos/libfreertos.a(port.c.obj)
                0x00009390                vClearInterruptMaskFromISR
 *fill*         0x00009398        0x8 
 .text.PendSV_Handler
                0x000093a0       0x48 freertos/libfreertos.a(port.c.obj)
                0x000093a0                PendSV_Handler
 .text.SysTick_Handler
                0x000093e8       0x34 freertos/libfreertos.a(port.c.obj)
                0x000093e8                SysTick_Handler
 .text.vPortSetupTimerInterrupt
                0x0000941c       0x84 freertos/libfreertos.a(port.c.obj)
                0x0000941c                vPortSetupTimerInterrupt
 .text.vPortSuppressTicksAndSleep
                0x000094a0      0x194 freertos/libfreertos.a(port.c.obj)
                0x000094a0                vPortSuppressTicksAndSleep
 .text.vListInitialise
                0x00009634       0x3c freertos/libfreertos.a(list.c.obj)
                0x00009634                vListInitialise
 .text.vListInitialiseItem
                0x00009670       0x16 freertos/libfreertos.a(list.c.obj)
                0x00009670                vListInitialiseItem
 .text.vListInsertEnd
                0x00009686       0x44 freertos/libfreertos.a(list.c.obj)
                0x00009686                vListInsertEnd
 .text.vListInsert
                0x000096ca       0x6c freertos/libfreertos.a(list.c.obj)
                0x000096ca                vListInsert
 .text.uxListRemove
                0x00009736       0x50 freertos/libfreertos.a(list.c.obj)
                0x00009736                uxListRemove
 *(.rodata)
 *fill*         0x00009786        0x2 
 .rodata        0x00009788       0x5c CMakeFiles/new_project.elf.dir/cfc0be5d57a03a456ef472fd0b57cf51/Github/curso-lse/trabajo_integrador/trabajo_integrador/main.c.obj
 .rodata        0x000097e4       0x8a CMakeFiles/new_project.elf.dir/cfc0be5d57a03a456ef472fd0b57cf51/Github/curso-lse/trabajo_integrador/trabajo_integrador/board.c.obj
 *fill*         0x0000986e        0x2 
 .rodata        0x00009870       0x9e CMakeFiles/new_project.elf.dir/32b9bc56fcabf81ff5c14abd870238f9/curso-lse/trabajo_integrador/trabajo_integrador/clock_config.c.obj
 *fill*         0x0000990e        0x2 
 .rodata        0x00009910       0x8b CMakeFiles/new_project.elf.dir/cfc0be5d57a03a456ef472fd0b57cf51/Github/curso-lse/trabajo_integrador/trabajo_integrador/tareas.c.obj
 *fill*         0x0000999b        0x1 
 .rodata        0x0000999c      0x238 CMakeFiles/new_project.elf.dir/cfc0be5d57a03a456ef472fd0b57cf51/Github/curso-lse/trabajo_integrador/trabajo_integrador/wrappers.c.obj
 .rodata        0x00009bd4      0x150 CMakeFiles/new_project.elf.dir/a30e4a380bddc137d657d01a6d030b7e/sdks/trabajo_integrador_sdk/devices/LPC845/drivers/fsl_i2c.c.obj
 .rodata        0x00009d24       0xfc CMakeFiles/new_project.elf.dir/a30e4a380bddc137d657d01a6d030b7e/sdks/trabajo_integrador_sdk/devices/LPC845/drivers/fsl_adc.c.obj
 .rodata        0x00009e20      0x2d7 CMakeFiles/new_project.elf.dir/a30e4a380bddc137d657d01a6d030b7e/sdks/trabajo_integrador_sdk/devices/LPC845/drivers/fsl_sctimer.c.obj
 *fill*         0x0000a0f7        0x1 
 .rodata        0x0000a0f8       0xc5 CMakeFiles/new_project.elf.dir/a30e4a380bddc137d657d01a6d030b7e/sdks/trabajo_integrador_sdk/devices/LPC845/drivers/fsl_pint.c.obj
 *fill*         0x0000a1bd        0x3 
 .rodata        0x0000a1c0       0xb5 CMakeFiles/new_project.elf.dir/a30e4a380bddc137d657d01a6d030b7e/sdks/trabajo_integrador_sdk/devices/LPC845/drivers/fsl_gpio.c.obj
 *fill*         0x0000a275        0x3 
 .rodata        0x0000a278      0x133 CMakeFiles/new_project.elf.dir/be9e862433bf5041efa857a9c90e8240/trabajo_integrador_sdk/components/uart/fsl_adapter_miniusart.c.obj
 *fill*         0x0000a3ab        0x1 
 .rodata        0x0000a3ac       0xf4 CMakeFiles/new_project.elf.dir/a30e4a380bddc137d657d01a6d030b7e/sdks/trabajo_integrador_sdk/devices/LPC845/drivers/fsl_clock.c.obj
 .rodata        0x0000a4a0       0xab CMakeFiles/new_project.elf.dir/be9e862433bf5041efa857a9c90e8240/trabajo_integrador_sdk/devices/LPC845/drivers/fsl_common_arm.c.obj
 *fill*         0x0000a54b        0x1 
 .rodata        0x0000a54c      0x2d3 CMakeFiles/new_project.elf.dir/a30e4a380bddc137d657d01a6d030b7e/sdks/trabajo_integrador_sdk/devices/LPC845/drivers/fsl_usart.c.obj
 *fill*         0x0000a81f        0x1 
 .rodata        0x0000a820       0xa2 CMakeFiles/new_project.elf.dir/a30e4a380bddc137d657d01a6d030b7e/sdks/trabajo_integrador_sdk/devices/LPC845/drivers/fsl_reset.c.obj
 *fill*         0x0000a8c2        0x2 
 .rodata        0x0000a8c4       0xbe CMakeFiles/new_project.elf.dir/a30e4a380bddc137d657d01a6d030b7e/sdks/trabajo_integrador_sdk/devices/LPC845/drivers/fsl_swm.c.obj
 *fill*         0x0000a982        0x2 
 .rodata        0x0000a984       0x3e CMakeFiles/new_project.elf.dir/b7561fe964618e7d963c3704882cbf36/devices/LPC845/utilities/debug_console_lite/fsl_assert.c.obj
 *fill*         0x0000a9c2        0x2 
 .rodata        0x0000a9c4        0x5 freertos/libfreertos.a(tasks.c.obj)
 *(.rodata*)
 *fill*         0x0000a9c9        0x3 
 .rodata.__func__.0
                0x0000a9cc       0x17 CMakeFiles/new_project.elf.dir/cfc0be5d57a03a456ef472fd0b57cf51/Github/curso-lse/trabajo_integrador/trabajo_integrador/board.c.obj
 *fill*         0x0000a9e3        0x1 
 .rodata.__func__.0
                0x0000a9e4       0x17 CMakeFiles/new_project.elf.dir/32b9bc56fcabf81ff5c14abd870238f9/curso-lse/trabajo_integrador/trabajo_integrador/clock_config.c.obj
 *fill*         0x0000a9fb        0x1 
 .rodata.__func__.0
                0x0000a9fc       0x13 CMakeFiles/new_project.elf.dir/cfc0be5d57a03a456ef472fd0b57cf51/Github/curso-lse/trabajo_integrador/trabajo_integrador/wrappers.c.obj
 *fill*         0x0000aa0f        0x1 
 .rodata.s_i2cBases
                0x0000aa10       0x10 CMakeFiles/new_project.elf.dir/a30e4a380bddc137d657d01a6d030b7e/sdks/trabajo_integrador_sdk/devices/LPC845/drivers/fsl_i2c.c.obj
 .rodata.s_i2cClocks
                0x0000aa20        0x8 CMakeFiles/new_project.elf.dir/a30e4a380bddc137d657d01a6d030b7e/sdks/trabajo_integrador_sdk/devices/LPC845/drivers/fsl_i2c.c.obj
 .rodata.s_i2cResets
                0x0000aa28       0x10 CMakeFiles/new_project.elf.dir/a30e4a380bddc137d657d01a6d030b7e/sdks/trabajo_integrador_sdk/devices/LPC845/drivers/fsl_i2c.c.obj
 .rodata.__func__.12
                0x0000aa38       0x10 CMakeFiles/new_project.elf.dir/a30e4a380bddc137d657d01a6d030b7e/sdks/trabajo_integrador_sdk/devices/LPC845/drivers/fsl_i2c.c.obj
 .rodata.__func__.11
                0x0000aa48       0x18 CMakeFiles/new_project.elf.dir/a30e4a380bddc137d657d01a6d030b7e/sdks/trabajo_integrador_sdk/devices/LPC845/drivers/fsl_i2c.c.obj
 .rodata.__func__.10
                0x0000aa60       0x17 CMakeFiles/new_project.elf.dir/a30e4a380bddc137d657d01a6d030b7e/sdks/trabajo_integrador_sdk/devices/LPC845/drivers/fsl_i2c.c.obj
 *fill*         0x0000aa77        0x1 
 .rodata.__func__.7
                0x0000aa78       0x10 CMakeFiles/new_project.elf.dir/a30e4a380bddc137d657d01a6d030b7e/sdks/trabajo_integrador_sdk/devices/LPC845/drivers/fsl_adc.c.obj
 .rodata.__func__.6
                0x0000aa88        0x9 CMakeFiles/new_project.elf.dir/a30e4a380bddc137d657d01a6d030b7e/sdks/trabajo_integrador_sdk/devices/LPC845/drivers/fsl_adc.c.obj
 *fill*         0x0000aa91        0x3 
 .rodata.__func__.5
                0x0000aa94       0x16 CMakeFiles/new_project.elf.dir/a30e4a380bddc137d657d01a6d030b7e/sdks/trabajo_integrador_sdk/devices/LPC845/drivers/fsl_adc.c.obj
 *fill*         0x0000aaaa        0x2 
 .rodata.__func__.4
                0x0000aaac       0x16 CMakeFiles/new_project.elf.dir/a30e4a380bddc137d657d01a6d030b7e/sdks/trabajo_integrador_sdk/devices/LPC845/drivers/fsl_adc.c.obj
 *fill*         0x0000aac2        0x2 
 .rodata.__func__.0
                0x0000aac4       0x1f CMakeFiles/new_project.elf.dir/a30e4a380bddc137d657d01a6d030b7e/sdks/trabajo_integrador_sdk/devices/LPC845/drivers/fsl_adc.c.obj
 *fill*         0x0000aae3        0x1 
 .rodata.__func__.10
                0x0000aae4       0x14 CMakeFiles/new_project.elf.dir/a30e4a380bddc137d657d01a6d030b7e/sdks/trabajo_integrador_sdk/devices/LPC845/drivers/fsl_sctimer.c.obj
 .rodata.__func__.9
                0x0000aaf8        0xd CMakeFiles/new_project.elf.dir/a30e4a380bddc137d657d01a6d030b7e/sdks/trabajo_integrador_sdk/devices/LPC845/drivers/fsl_sctimer.c.obj
 *fill*         0x0000ab05        0x3 
 .rodata.__func__.8
                0x0000ab08       0x19 CMakeFiles/new_project.elf.dir/a30e4a380bddc137d657d01a6d030b7e/sdks/trabajo_integrador_sdk/devices/LPC845/drivers/fsl_sctimer.c.obj
 *fill*         0x0000ab21        0x3 
 .rodata.__func__.7
                0x0000ab24       0x11 CMakeFiles/new_project.elf.dir/a30e4a380bddc137d657d01a6d030b7e/sdks/trabajo_integrador_sdk/devices/LPC845/drivers/fsl_sctimer.c.obj
 *fill*         0x0000ab35        0x3 
 .rodata.__func__.6
                0x0000ab38       0x20 CMakeFiles/new_project.elf.dir/a30e4a380bddc137d657d01a6d030b7e/sdks/trabajo_integrador_sdk/devices/LPC845/drivers/fsl_sctimer.c.obj
 .rodata.__func__.5
                0x0000ab58       0x1f CMakeFiles/new_project.elf.dir/a30e4a380bddc137d657d01a6d030b7e/sdks/trabajo_integrador_sdk/devices/LPC845/drivers/fsl_sctimer.c.obj
 *fill*         0x0000ab77        0x1 
 .rodata.__func__.4
                0x0000ab78       0x1d CMakeFiles/new_project.elf.dir/a30e4a380bddc137d657d01a6d030b7e/sdks/trabajo_integrador_sdk/devices/LPC845/drivers/fsl_sctimer.c.obj
 *fill*         0x0000ab95        0x3 
 .rodata.__func__.3
                0x0000ab98       0x1b CMakeFiles/new_project.elf.dir/a30e4a380bddc137d657d01a6d030b7e/sdks/trabajo_integrador_sdk/devices/LPC845/drivers/fsl_sctimer.c.obj
 *fill*         0x0000abb3        0x1 
 .rodata.__func__.2
                0x0000abb4       0x12 CMakeFiles/new_project.elf.dir/a30e4a380bddc137d657d01a6d030b7e/sdks/trabajo_integrador_sdk/devices/LPC845/drivers/fsl_sctimer.c.obj
 *fill*         0x0000abc6        0x2 
 .rodata.__func__.1
                0x0000abc8       0x13 CMakeFiles/new_project.elf.dir/a30e4a380bddc137d657d01a6d030b7e/sdks/trabajo_integrador_sdk/devices/LPC845/drivers/fsl_sctimer.c.obj
 *fill*         0x0000abdb        0x1 
 .rodata.s_pintIRQ
                0x0000abdc        0x8 CMakeFiles/new_project.elf.dir/a30e4a380bddc137d657d01a6d030b7e/sdks/trabajo_integrador_sdk/devices/LPC845/drivers/fsl_pint.c.obj
 .rodata.__func__.10
                0x0000abe4       0x11 CMakeFiles/new_project.elf.dir/a30e4a380bddc137d657d01a6d030b7e/sdks/trabajo_integrador_sdk/devices/LPC845/drivers/fsl_pint.c.obj
 *fill*         0x0000abf5        0x3 
 .rodata.__func__.9
                0x0000abf8        0xa CMakeFiles/new_project.elf.dir/a30e4a380bddc137d657d01a6d030b7e/sdks/trabajo_integrador_sdk/devices/LPC845/drivers/fsl_pint.c.obj
 *fill*         0x0000ac02        0x2 
 .rodata.__func__.8
                0x0000ac04       0x18 CMakeFiles/new_project.elf.dir/a30e4a380bddc137d657d01a6d030b7e/sdks/trabajo_integrador_sdk/devices/LPC845/drivers/fsl_pint.c.obj
 .rodata.__func__.3
                0x0000ac1c       0x1b CMakeFiles/new_project.elf.dir/a30e4a380bddc137d657d01a6d030b7e/sdks/trabajo_integrador_sdk/devices/LPC845/drivers/fsl_pint.c.obj
 *fill*         0x0000ac37        0x1 
 .rodata.s_gpioClockName
                0x0000ac38        0x4 CMakeFiles/new_project.elf.dir/a30e4a380bddc137d657d01a6d030b7e/sdks/trabajo_integrador_sdk/devices/LPC845/drivers/fsl_gpio.c.obj
 .rodata.s_gpioResets
                0x0000ac3c        0x8 CMakeFiles/new_project.elf.dir/a30e4a380bddc137d657d01a6d030b7e/sdks/trabajo_integrador_sdk/devices/LPC845/drivers/fsl_gpio.c.obj
 .rodata.__func__.0
                0x0000ac44       0x15 CMakeFiles/new_project.elf.dir/a30e4a380bddc137d657d01a6d030b7e/sdks/trabajo_integrador_sdk/devices/LPC845/drivers/fsl_gpio.c.obj
 *fill*         0x0000ac59        0x3 
 .rodata.s_UsartAdapterBase
                0x0000ac5c       0x14 CMakeFiles/new_project.elf.dir/be9e862433bf5041efa857a9c90e8240/trabajo_integrador_sdk/components/uart/fsl_adapter_miniusart.c.obj
 .rodata.__func__.5
                0x0000ac70        0xd CMakeFiles/new_project.elf.dir/be9e862433bf5041efa857a9c90e8240/trabajo_integrador_sdk/components/uart/fsl_adapter_miniusart.c.obj
 *fill*         0x0000ac7d        0x3 
 .rodata.__func__.3
                0x0000ac80       0x18 CMakeFiles/new_project.elf.dir/be9e862433bf5041efa857a9c90e8240/trabajo_integrador_sdk/components/uart/fsl_adapter_miniusart.c.obj
 .rodata.__func__.2
                0x0000ac98       0x15 CMakeFiles/new_project.elf.dir/be9e862433bf5041efa857a9c90e8240/trabajo_integrador_sdk/components/uart/fsl_adapter_miniusart.c.obj
 *fill*         0x0000acad        0x3 
 .rodata.CLOCK_GetFreq
                0x0000acb0       0x24 CMakeFiles/new_project.elf.dir/a30e4a380bddc137d657d01a6d030b7e/sdks/trabajo_integrador_sdk/devices/LPC845/drivers/fsl_clock.c.obj
 .rodata.__func__.2
                0x0000acd4       0x13 CMakeFiles/new_project.elf.dir/a30e4a380bddc137d657d01a6d030b7e/sdks/trabajo_integrador_sdk/devices/LPC845/drivers/fsl_clock.c.obj
 *fill*         0x0000ace7        0x1 
 .rodata.__func__.0
                0x0000ace8       0x13 CMakeFiles/new_project.elf.dir/be9e862433bf5041efa857a9c90e8240/trabajo_integrador_sdk/devices/LPC845/drivers/fsl_common_arm.c.obj
 *fill*         0x0000acfb        0x1 
 .rodata.s_usartBaseAddrs
                0x0000acfc       0x14 CMakeFiles/new_project.elf.dir/a30e4a380bddc137d657d01a6d030b7e/sdks/trabajo_integrador_sdk/devices/LPC845/drivers/fsl_usart.c.obj
 .rodata.s_usartClock
                0x0000ad10        0xa CMakeFiles/new_project.elf.dir/a30e4a380bddc137d657d01a6d030b7e/sdks/trabajo_integrador_sdk/devices/LPC845/drivers/fsl_usart.c.obj
 *fill*         0x0000ad1a        0x2 
 .rodata.s_usartRest
                0x0000ad1c       0x14 CMakeFiles/new_project.elf.dir/a30e4a380bddc137d657d01a6d030b7e/sdks/trabajo_integrador_sdk/devices/LPC845/drivers/fsl_usart.c.obj
 .rodata.__func__.18
                0x0000ad30       0x12 CMakeFiles/new_project.elf.dir/a30e4a380bddc137d657d01a6d030b7e/sdks/trabajo_integrador_sdk/devices/LPC845/drivers/fsl_usart.c.obj
 *fill*         0x0000ad42        0x2 
 .rodata.__func__.13
                0x0000ad44        0xb CMakeFiles/new_project.elf.dir/a30e4a380bddc137d657d01a6d030b7e/sdks/trabajo_integrador_sdk/devices/LPC845/drivers/fsl_usart.c.obj
 *fill*         0x0000ad4f        0x1 
 .rodata.__func__.11
                0x0000ad50       0x17 CMakeFiles/new_project.elf.dir/a30e4a380bddc137d657d01a6d030b7e/sdks/trabajo_integrador_sdk/devices/LPC845/drivers/fsl_usart.c.obj
 *fill*         0x0000ad67        0x1 
 .rodata.__func__.10
                0x0000ad68       0x12 CMakeFiles/new_project.elf.dir/a30e4a380bddc137d657d01a6d030b7e/sdks/trabajo_integrador_sdk/devices/LPC845/drivers/fsl_usart.c.obj
 *fill*         0x0000ad7a        0x2 
 .rodata.__func__.9
                0x0000ad7c       0x14 CMakeFiles/new_project.elf.dir/a30e4a380bddc137d657d01a6d030b7e/sdks/trabajo_integrador_sdk/devices/LPC845/drivers/fsl_usart.c.obj
 .rodata.__func__.8
                0x0000ad90       0x13 CMakeFiles/new_project.elf.dir/a30e4a380bddc137d657d01a6d030b7e/sdks/trabajo_integrador_sdk/devices/LPC845/drivers/fsl_usart.c.obj
 *fill*         0x0000ada3        0x1 
 .rodata.__func__.1
                0x0000ada4       0x19 CMakeFiles/new_project.elf.dir/a30e4a380bddc137d657d01a6d030b7e/sdks/trabajo_integrador_sdk/devices/LPC845/drivers/fsl_reset.c.obj
 *fill*         0x0000adbd        0x3 
 .rodata.__func__.0
                0x0000adc0       0x1b CMakeFiles/new_project.elf.dir/a30e4a380bddc137d657d01a6d030b7e/sdks/trabajo_integrador_sdk/devices/LPC845/drivers/fsl_reset.c.obj
 *fill*         0x0000addb        0x1 
 .rodata.__func__.1
                0x0000addc       0x18 CMakeFiles/new_project.elf.dir/a30e4a380bddc137d657d01a6d030b7e/sdks/trabajo_integrador_sdk/devices/LPC845/drivers/fsl_swm.c.obj
 .rodata.__func__.0
                0x0000adf4       0x16 CMakeFiles/new_project.elf.dir/a30e4a380bddc137d657d01a6d030b7e/sdks/trabajo_integrador_sdk/devices/LPC845/drivers/fsl_swm.c.obj
 *fill*         0x0000ae0a        0x2 
 .rodata.__aeabi_fdiv
                0x0000ae0c       0x7c C:/Users/ferna/.mcuxpressotools/arm-gnu-toolchain-13.2.Rel1-mingw-w64-i686-arm-none-eabi/bin/../lib/gcc/arm-none-eabi/13.2.1/thumb/v6-m/nofp\libgcc.a(divsf3.o)
 .rodata.__aeabi_ddiv
                0x0000ae88       0x40 C:/Users/ferna/.mcuxpressotools/arm-gnu-toolchain-13.2.Rel1-mingw-w64-i686-arm-none-eabi/bin/../lib/gcc/arm-none-eabi/13.2.1/thumb/v6-m/nofp\libgcc.a(divdf3.o)
 .rodata.uxTopUsedPriority
                0x0000aec8        0x4 freertos/libfreertos.a(tasks.c.obj)
 *(.glue_7)
 .glue_7        0x0000aecc        0x0 linker stubs
 *(.glue_7t)
 .glue_7t       0x0000aecc        0x0 linker stubs
 *(.eh_frame)
 .eh_frame      0x0000aecc        0x0 C:/Users/ferna/.mcuxpressotools/arm-gnu-toolchain-13.2.Rel1-mingw-w64-i686-arm-none-eabi/bin/../lib/gcc/arm-none-eabi/13.2.1/thumb/v6-m/nofp/crtbegin.o
 *(.init)
 .init          0x0000aecc        0x4 C:/Users/ferna/.mcuxpressotools/arm-gnu-toolchain-13.2.Rel1-mingw-w64-i686-arm-none-eabi/bin/../lib/gcc/arm-none-eabi/13.2.1/thumb/v6-m/nofp/crti.o
                0x0000aecc                _init
 .init          0x0000aed0        0x8 C:/Users/ferna/.mcuxpressotools/arm-gnu-toolchain-13.2.Rel1-mingw-w64-i686-arm-none-eabi/bin/../lib/gcc/arm-none-eabi/13.2.1/thumb/v6-m/nofp/crtn.o
 *(.fini)
 .fini          0x0000aed8        0x4 C:/Users/ferna/.mcuxpressotools/arm-gnu-toolchain-13.2.Rel1-mingw-w64-i686-arm-none-eabi/bin/../lib/gcc/arm-none-eabi/13.2.1/thumb/v6-m/nofp/crti.o
                0x0000aed8                _fini
 .fini          0x0000aedc        0x8 C:/Users/ferna/.mcuxpressotools/arm-gnu-toolchain-13.2.Rel1-mingw-w64-i686-arm-none-eabi/bin/../lib/gcc/arm-none-eabi/13.2.1/thumb/v6-m/nofp/crtn.o
                0x0000aee4                        . = ALIGN (0x4)

.vfp11_veneer   0x0000aee4        0x0
 .vfp11_veneer  0x0000aee4        0x0 linker stubs

.v4_bx          0x0000aee4        0x0
 .v4_bx         0x0000aee4        0x0 linker stubs

.iplt           0x0000aee4        0x0
 .iplt          0x0000aee4        0x0 C:/Users/ferna/.mcuxpressotools/arm-gnu-toolchain-13.2.Rel1-mingw-w64-i686-arm-none-eabi/bin/../lib/gcc/arm-none-eabi/13.2.1/thumb/v6-m/nofp/crtbegin.o

.ARM.extab
 *(.ARM.extab* .gnu.linkonce.armextab.*)

.ARM            0x0000aee4        0x8
                0x0000aee4                        __exidx_start = .
 *(.ARM.exidx*)
 .ARM.exidx     0x0000aee4        0x8 C:/Users/ferna/.mcuxpressotools/arm-gnu-toolchain-13.2.Rel1-mingw-w64-i686-arm-none-eabi/bin/../lib/gcc/arm-none-eabi/13.2.1/thumb/v6-m/nofp/crt0.o
                                 0x10 (size before relaxing)
 .ARM.exidx.text.__udivmoddi4
                0x0000aeec        0x0 C:/Users/ferna/.mcuxpressotools/arm-gnu-toolchain-13.2.Rel1-mingw-w64-i686-arm-none-eabi/bin/../lib/gcc/arm-none-eabi/13.2.1/thumb/v6-m/nofp\libgcc.a(_udivmoddi4.o)
                                  0x8 (size before relaxing)
                0x0000aeec                        __exidx_end = .

.rel.dyn        0x0000aeec        0x0
 .rel.iplt      0x0000aeec        0x0 C:/Users/ferna/.mcuxpressotools/arm-gnu-toolchain-13.2.Rel1-mingw-w64-i686-arm-none-eabi/bin/../lib/gcc/arm-none-eabi/13.2.1/thumb/v6-m/nofp/crtbegin.o

.ctors          0x0000aeec        0x0
                0x0000aeec                        __CTOR_LIST__ = .
 *crtbegin.o(.ctors)
 *crtbegin?.o(.ctors)
 *(EXCLUDE_FILE(*crtend.o *crtend?.o) .ctors)
 *(SORT_BY_NAME(.ctors.*))
 *(.ctors)
                0x0000aeec                        __CTOR_END__ = .

.dtors          0x0000aeec        0x0
                0x0000aeec                        __DTOR_LIST__ = .
 *crtbegin.o(.dtors)
 *crtbegin?.o(.dtors)
 *(EXCLUDE_FILE(*crtend.o *crtend?.o) .dtors)
 *(SORT_BY_NAME(.dtors.*))
 *(.dtors)
                0x0000aeec                        __DTOR_END__ = .

.preinit_array  0x0000aeec        0x0
                0x0000aeec                        PROVIDE (__preinit_array_start = .)
 *(.preinit_array*)
                0x0000aeec                        PROVIDE (__preinit_array_end = .)

.init_array     0x0000aeec        0x4
                0x0000aeec                        PROVIDE (__init_array_start = .)
 *(SORT_BY_NAME(.init_array.*))
 *(.init_array*)
 .init_array    0x0000aeec        0x4 C:/Users/ferna/.mcuxpressotools/arm-gnu-toolchain-13.2.Rel1-mingw-w64-i686-arm-none-eabi/bin/../lib/gcc/arm-none-eabi/13.2.1/thumb/v6-m/nofp/crtbegin.o
                0x0000aef0                        PROVIDE (__init_array_end = .)

.fini_array     0x0000aef0        0x4
                [!provide]                        PROVIDE (__fini_array_start = .)
 *(SORT_BY_NAME(.fini_array.*))
 *(.fini_array*)
 .fini_array    0x0000aef0        0x4 C:/Users/ferna/.mcuxpressotools/arm-gnu-toolchain-13.2.Rel1-mingw-w64-i686-arm-none-eabi/bin/../lib/gcc/arm-none-eabi/13.2.1/thumb/v6-m/nofp/crtbegin.o
                [!provide]                        PROVIDE (__fini_array_end = .)
                0x0000aef4                        __etext = .
                0x0000aef4                        __DATA_ROM = .

.data           0x10000000       0x10 load address 0x0000aef4
                0x10000000                        . = ALIGN (0x4)
                0x10000000                        __DATA_RAM = .
                0x10000000                        __data_start__ = .
 *(.ramfunc*)
 *(.data)
 *(.data*)
 .data.setpoint
                0x10000000        0x4 CMakeFiles/new_project.elf.dir/cfc0be5d57a03a456ef472fd0b57cf51/Github/curso-lse/trabajo_integrador/trabajo_integrador/tareas.c.obj
                0x10000000                setpoint
 .data.SystemCoreClock
                0x10000004        0x4 CMakeFiles/new_project.elf.dir/a30e4a380bddc137d657d01a6d030b7e/sdks/trabajo_integrador_sdk/devices/LPC845/system_LPC845.c.obj
                0x10000004                SystemCoreClock
 .data.xFreeBytesRemaining
                0x10000008        0x4 freertos/libfreertos.a(heap_2.c.obj)
 .data.uxCriticalNesting
                0x1000000c        0x4 freertos/libfreertos.a(port.c.obj)
 *(.jcr*)
                0x10000010                        . = ALIGN (0x4)
                0x10000010                        __data_end__ = .
                0x0000af04                        __DATA_END = (__DATA_ROM + (__data_end__ - __data_start__))
                0x00010000                        text_end = (ORIGIN (m_text) + LENGTH (m_text))